[debug] [2026-08-09T16:08:27.321Z] ----------------------------------------------------------------------
[debug] [2026-08-09T16:08:27.328Z] Command:       C:\Program Files\nodejs\node.exe C:\Users\Lenovo\AppData\Roaming\npm\node_modules\firebase-tools\lib\bin\firebase.js deploy --only functions
[debug] [2026-08-09T16:08:27.329Z] CLI Version:   15.25.1
[debug] [2026-08-09T16:08:27.329Z] Platform:      win32
[debug] [2026-08-09T16:08:27.330Z] Node Version:  v24.18.0
[debug] [2026-08-09T16:08:27.330Z] Detected Agent: unknown
[debug] [2026-08-09T16:08:27.330Z] Time:          Sun Aug 09 2026 20:08:27 GMT+0400 (Gulf Standard Time)
[debug] [2026-08-09T16:08:27.331Z] ----------------------------------------------------------------------
[debug] 
[debug] [2026-08-09T16:08:31.736Z] > command requires scopes: ["email","openid","https://www.googleapis.com/auth/cloudplatformprojects.readonly","https://www.googleapis.com/auth/firebase","https://www.googleapis.com/auth/cloud-platform"]
[debug] [2026-08-09T16:08:31.737Z] > authorizing via signed-in user (omran.javan73@gmail.com)
[debug] [2026-08-09T16:08:31.740Z] [iam] checking project sirikfit40 for permissions ["cloudfunctions.functions.create","cloudfunctions.functions.delete","cloudfunctions.functions.get","cloudfunctions.functions.list","cloudfunctions.functions.update","cloudfunctions.operations.get","firebase.projects.get"]
[debug] [2026-08-09T16:08:31.810Z] Checked if tokens are valid: false, expires at: 1786288781084
[debug] [2026-08-09T16:08:31.810Z] Checked if tokens are valid: false, expires at: 1786288781084
[debug] [2026-08-09T16:08:31.811Z] > refreshing access token with scopes: []
[debug] [2026-08-09T16:08:31.818Z] >>> [apiv2][query] POST https://www.googleapis.com/oauth2/v3/token [none]
[debug] [2026-08-09T16:08:31.819Z] >>> [apiv2][body] POST https://www.googleapis.com/oauth2/v3/token [omitted]
[debug] [2026-08-09T16:08:32.395Z] <<< [apiv2][status] POST https://www.googleapis.com/oauth2/v3/token 200
[debug] [2026-08-09T16:08:32.396Z] <<< [apiv2][body] POST https://www.googleapis.com/oauth2/v3/token [omitted]
[debug] [2026-08-09T16:08:32.453Z] >>> [apiv2][query] POST https://cloudresourcemanager.googleapis.com/v1/projects/sirikfit40:testIamPermissions [none]
[debug] [2026-08-09T16:08:32.453Z] >>> [apiv2][(partial)header] POST https://cloudresourcemanager.googleapis.com/v1/projects/sirikfit40:testIamPermissions  x-goog-user-project=sirikfit40
[debug] [2026-08-09T16:08:32.454Z] >>> [apiv2][body] POST https://cloudresourcemanager.googleapis.com/v1/projects/sirikfit40:testIamPermissions {"permissions":["cloudfunctions.functions.create","cloudfunctions.functions.delete","cloudfunctions.functions.get","cloudfunctions.functions.list","cloudfunctions.functions.update","cloudfunctions.operations.get","firebase.projects.get"]}
[debug] [2026-08-09T16:08:34.053Z] <<< [apiv2][status] POST https://cloudresourcemanager.googleapis.com/v1/projects/sirikfit40:testIamPermissions 200
[debug] [2026-08-09T16:08:34.054Z] <<< [apiv2][body] POST https://cloudresourcemanager.googleapis.com/v1/projects/sirikfit40:testIamPermissions {"permissions":["cloudfunctions.functions.create","cloudfunctions.functions.delete","cloudfunctions.functions.get","cloudfunctions.functions.list","cloudfunctions.functions.update","cloudfunctions.operations.get","firebase.projects.get"]}
[debug] [2026-08-09T16:08:34.055Z] Checked if tokens are valid: true, expires at: 1786295311396
[debug] [2026-08-09T16:08:34.055Z] Checked if tokens are valid: true, expires at: 1786295311396
[debug] [2026-08-09T16:08:34.056Z] >>> [apiv2][query] POST https://iam.googleapis.com/v1/projects/sirikfit40/serviceAccounts/sirikfit40@appspot.gserviceaccount.com:testIamPermissions [none]
[debug] [2026-08-09T16:08:34.056Z] >>> [apiv2][body] POST https://iam.googleapis.com/v1/projects/sirikfit40/serviceAccounts/sirikfit40@appspot.gserviceaccount.com:testIamPermissions {"permissions":["iam.serviceAccounts.actAs"]}
[debug] [2026-08-09T16:08:35.761Z] <<< [apiv2][status] POST https://iam.googleapis.com/v1/projects/sirikfit40/serviceAccounts/sirikfit40@appspot.gserviceaccount.com:testIamPermissions 200
[debug] [2026-08-09T16:08:35.762Z] <<< [apiv2][body] POST https://iam.googleapis.com/v1/projects/sirikfit40/serviceAccounts/sirikfit40@appspot.gserviceaccount.com:testIamPermissions {"permissions":["iam.serviceAccounts.actAs"]}
[info] 
[info] === Deploying to 'sirikfit40'...
[info] 
[info] i  deploying functions 
[debug] [2026-08-09T16:08:35.774Z] Checked if tokens are valid: true, expires at: 1786295311396
[debug] [2026-08-09T16:08:35.774Z] Checked if tokens are valid: true, expires at: 1786295311396
[debug] [2026-08-09T16:08:35.774Z] >>> [apiv2][query] GET https://cloudresourcemanager.googleapis.com/v1/projects/sirikfit40 [none]
[debug] [2026-08-09T16:08:36.097Z] <<< [apiv2][status] GET https://cloudresourcemanager.googleapis.com/v1/projects/sirikfit40 200
[debug] [2026-08-09T16:08:36.097Z] <<< [apiv2][body] GET https://cloudresourcemanager.googleapis.com/v1/projects/sirikfit40 {"projectNumber":"532757567852","projectId":"sirikfit40","lifecycleState":"ACTIVE","name":"sirikfit40","labels":{"firebase":"enabled","firebase-core":"disabled"},"createTime":"2026-08-07T11:15:30.438Z"}
[info] i  functions: preparing codebase default for deployment 
[info] i  functions: ensuring required API cloudfunctions.googleapis.com is enabled... 
[info] i  functions: ensuring required API cloudbuild.googleapis.com is enabled... 
[info] i  artifactregistry: ensuring required API artifactregistry.googleapis.com is enabled... 
[debug] [2026-08-09T16:08:36.109Z] Checked if tokens are valid: true, expires at: 1786295311396
[debug] [2026-08-09T16:08:36.109Z] Checked if tokens are valid: true, expires at: 1786295311396
[debug] [2026-08-09T16:08:36.109Z] >>> [apiv2][query] GET https://firebase.googleapis.com/v1beta1/projects/sirikfit40/adminSdkConfig [none]
[debug] [2026-08-09T16:08:36.722Z] <<< [apiv2][status] GET https://firebase.googleapis.com/v1beta1/projects/sirikfit40/adminSdkConfig 200
[debug] [2026-08-09T16:08:36.722Z] <<< [apiv2][body] GET https://firebase.googleapis.com/v1beta1/projects/sirikfit40/adminSdkConfig {"projectId":"sirikfit40","storageBucket":"sirikfit40.firebasestorage.app"}
[debug] [2026-08-09T16:08:36.723Z] Checked if tokens are valid: true, expires at: 1786295311396
[debug] [2026-08-09T16:08:36.723Z] Checked if tokens are valid: true, expires at: 1786295311396
[debug] [2026-08-09T16:08:36.724Z] >>> [apiv2][query] GET https://runtimeconfig.googleapis.com/v1beta1/projects/sirikfit40/configs [none]
[debug] [2026-08-09T16:08:37.445Z] <<< [apiv2][status] GET https://runtimeconfig.googleapis.com/v1beta1/projects/sirikfit40/configs 200
[debug] [2026-08-09T16:08:37.445Z] <<< [apiv2][body] GET https://runtimeconfig.googleapis.com/v1beta1/projects/sirikfit40/configs {}
[debug] [2026-08-09T16:08:37.452Z] Validating nodejs source
[warn] !  functions: Runtime Node.js 20 was deprecated on 2026-04-30 and will be decommissioned on 2026-10-30, after which you will not be able to deploy without upgrading. Consider upgrading now to avoid disruption. See https://cloud.google.com/functions/docs/runtime-support for full details on the lifecycle policy 
[debug] [2026-08-09T16:08:39.802Z] > [functions] package.json contents: {
  "name": "functions",
  "scripts": {
    "build": "tsc",
    "build:watch": "tsc --watch",
    "serve": "npm run build && firebase emulators:start --only functions",
    "shell": "npm run build && firebase functions:shell",
    "start": "npm run shell",
    "deploy": "firebase deploy --only functions",
    "logs": "firebase functions:log"
  },
  "engines": {
    "node": "20"
  },
  "main": "lib/index.js",
  "dependencies": {
    "axios": "^1.7.0",
    "firebase-admin": "^12.0.0",
    "firebase-functions": "^5.0.0"
  },
  "devDependencies": {
    "@types/node": "^20.0.0",
    "firebase-functions-test": "^3.1.0",
    "typescript": "^5.0.0"
  },
  "private": true
}
[debug] [2026-08-09T16:08:39.803Z] Building nodejs source
[info] i  functions: Loading and analyzing source code for codebase default to determine what to deploy 
[debug] [2026-08-09T16:08:39.806Z] Could not find functions.yaml. Must use http discovery
[debug] [2026-08-09T16:08:39.850Z] Found firebase-functions binary at 'C:\Users\Lenovo\sirikfit40\functions\node_modules\.bin\firebase-functions'
[info] Serving at port 8174

[debug] [2026-08-09T16:08:41.645Z] Got response from /__/functions.yaml {"endpoints":{"parseLink":{"availableMemoryMb":null,"timeoutSeconds":60,"minInstances":null,"maxInstances":null,"ingressSettings":null,"concurrency":null,"serviceAccountEmail":null,"vpc":null,"platform":"gcfv2","labels":{},"httpsTrigger":{},"entryPoint":"parseLink"}},"specVersion":"v1alpha1","requiredAPIs":[],"extensions":{}}
[debug] [2026-08-09T16:08:44.708Z] Checked if tokens are valid: true, expires at: 1786295311396
[debug] [2026-08-09T16:08:44.709Z] Checked if tokens are valid: true, expires at: 1786295311396
[debug] [2026-08-09T16:08:44.709Z] >>> [apiv2][query] GET https://cloudfunctions.googleapis.com/v1/projects/sirikfit40/locations/-/functions [none]
[debug] [2026-08-09T16:08:45.776Z] <<< [apiv2][status] GET https://cloudfunctions.googleapis.com/v1/projects/sirikfit40/locations/-/functions 200
[debug] [2026-08-09T16:08:45.776Z] <<< [apiv2][body] GET https://cloudfunctions.googleapis.com/v1/projects/sirikfit40/locations/-/functions {}
[debug] [2026-08-09T16:08:45.777Z] Checked if tokens are valid: true, expires at: 1786295311396
[debug] [2026-08-09T16:08:45.777Z] Checked if tokens are valid: true, expires at: 1786295311396
[debug] [2026-08-09T16:08:45.780Z] >>> [apiv2][query] GET https://cloudfunctions.googleapis.com/v2/projects/sirikfit40/locations/-/functions filter=environment%3D%22GEN_2%22
[debug] [2026-08-09T16:08:46.888Z] <<< [apiv2][status] GET https://cloudfunctions.googleapis.com/v2/projects/sirikfit40/locations/-/functions 200
[debug] [2026-08-09T16:08:46.888Z] <<< [apiv2][body] GET https://cloudfunctions.googleapis.com/v2/projects/sirikfit40/locations/-/functions {"functions":[{"name":"projects/sirikfit40/locations/us-central1/functions/parseLink","buildConfig":{"build":"projects/532757567852/locations/us-central1/builds/4982cd40-57eb-4e9b-ac14-fcd6710e1ade","runtime":"nodejs24","entryPoint":"parseLink","source":{"storageSource":{"bucket":"gcf-v2-sources-532757567852-us-central1","object":"parseLink/function-source.zip","generation":"1786287209432557"}},"environmentVariables":{"GOOGLE_NODE_RUN_SCRIPTS":""},"dockerRepository":"projects/sirikfit40/locations/us-central1/repositories/gcf-artifacts","sourceProvenance":{"resolvedStorageSource":{"bucket":"gcf-v2-sources-532757567852-us-central1","object":"parseLink/function-source.zip","generation":"1786287209432557"}},"dockerRegistry":"ARTIFACT_REGISTRY","serviceAccount":"projects/sirikfit40/serviceAccounts/532757567852-compute@developer.gserviceaccount.com","automaticUpdatePolicy":{}},"serviceConfig":{"service":"projects/sirikfit40/locations/us-central1/services/parselink","timeoutSeconds":60,"environmentVariables":{"FIREBASE_CONFIG":"{\"projectId\":\"sirikfit40\",\"storageBucket\":\"sirikfit40.firebasestorage.app\"}","GCLOUD_PROJECT":"sirikfit40","EVENTARC_CLOUD_EVENT_SOURCE":"projects/sirikfit40/locations/us-central1/services/parseLink","FUNCTION_REGION":"us-central1","FUNCTION_TARGET":"parseLink","LOG_EXECUTION_ID":"true"},"maxInstanceCount":20,"ingressSettings":"ALLOW_ALL","uri":"https://parselink-lkl24gceta-uc.a.run.app","serviceAccountEmail":"532757567852-compute@developer.gserviceaccount.com","availableMemory":"256Mi","allTrafficOnLatestRevision":true,"revision":"parselink-00003-pip","maxInstanceRequestConcurrency":80,"availableCpu":"1"},"state":"ACTIVE","updateTime":"2026-08-09T14:54:48.220152095Z","labels":{"deployment-tool":"cli-firebase","firebase-functions-hash":"7328f33809a739560e27609c7d062f9c96a3a0b2"},"environment":"GEN_2","url":"https://us-central1-sirikfit40.cloudfunctions.net/parseLink","createTime":"2026-08-09T14:00:16.741042842Z","satisfiesPzi":true}]}
[info] i  extensions: ensuring required API firebaseextensions.googleapis.com is enabled... 
[debug] [2026-08-09T16:08:46.893Z] > command requires scopes: ["email","openid","https://www.googleapis.com/auth/cloudplatformprojects.readonly","https://www.googleapis.com/auth/firebase","https://www.googleapis.com/auth/cloud-platform"]
[debug] [2026-08-09T16:08:46.893Z] > authorizing via signed-in user (omran.javan73@gmail.com)
[debug] [2026-08-09T16:08:46.894Z] [iam] checking project sirikfit40 for permissions ["firebase.projects.get","firebaseextensions.instances.list"]
[debug] [2026-08-09T16:08:46.894Z] Checked if tokens are valid: true, expires at: 1786295311396
[debug] [2026-08-09T16:08:46.894Z] Checked if tokens are valid: true, expires at: 1786295311396
[debug] [2026-08-09T16:08:46.895Z] >>> [apiv2][query] POST https://cloudresourcemanager.googleapis.com/v1/projects/sirikfit40:testIamPermissions [none]
[debug] [2026-08-09T16:08:46.895Z] >>> [apiv2][(partial)header] POST https://cloudresourcemanager.googleapis.com/v1/projects/sirikfit40:testIamPermissions  x-goog-user-project=sirikfit40
[debug] [2026-08-09T16:08:46.895Z] >>> [apiv2][body] POST https://cloudresourcemanager.googleapis.com/v1/projects/sirikfit40:testIamPermissions {"permissions":["firebase.projects.get","firebaseextensions.instances.list"]}
[debug] [2026-08-09T16:08:48.439Z] <<< [apiv2][status] POST https://cloudresourcemanager.googleapis.com/v1/projects/sirikfit40:testIamPermissions 200
[debug] [2026-08-09T16:08:48.440Z] <<< [apiv2][body] POST https://cloudresourcemanager.googleapis.com/v1/projects/sirikfit40:testIamPermissions {"permissions":["firebase.projects.get","firebaseextensions.instances.list"]}
[debug] [2026-08-09T16:08:48.440Z] Checked if tokens are valid: true, expires at: 1786295311396
[debug] [2026-08-09T16:08:48.441Z] Checked if tokens are valid: true, expires at: 1786295311396
[debug] [2026-08-09T16:08:48.441Z] >>> [apiv2][query] GET https://firebaseextensions.googleapis.com/v1beta/projects/sirikfit40/instances pageSize=100&pageToken=
[debug] [2026-08-09T16:08:50.238Z] <<< [apiv2][status] GET https://firebaseextensions.googleapis.com/v1beta/projects/sirikfit40/instances 200
[debug] [2026-08-09T16:08:50.238Z] <<< [apiv2][body] GET https://firebaseextensions.googleapis.com/v1beta/projects/sirikfit40/instances {}
[debug] [2026-08-09T16:08:50.240Z] Attempting to merge .env secret bindings {} into declared secrets...)}
[debug] [2026-08-09T16:08:50.240Z] parseLink declared secrets: undefined
[info] i  functions: preparing functions directory for uploading... 
[info] i  functions: packaged C:\Users\Lenovo\sirikfit40\functions (76.74 KB) for uploading 
[info] i  functions: ensuring required API run.googleapis.com is enabled... 
[info] i  functions: ensuring required API eventarc.googleapis.com is enabled... 
[info] i  functions: ensuring required API pubsub.googleapis.com is enabled... 
[info] i  functions: ensuring required API storage.googleapis.com is enabled... 
[info] i  functions: generating the service identity for pubsub.googleapis.com... 
[debug] [2026-08-09T16:08:50.359Z] Checked if tokens are valid: true, expires at: 1786295311396
[debug] [2026-08-09T16:08:50.360Z] Checked if tokens are valid: true, expires at: 1786295311396
[info] i  functions: generating the service identity for eventarc.googleapis.com... 
[debug] [2026-08-09T16:08:50.360Z] Checked if tokens are valid: true, expires at: 1786295311396
[debug] [2026-08-09T16:08:50.360Z] Checked if tokens are valid: true, expires at: 1786295311396
[debug] [2026-08-09T16:08:50.361Z] >>> [apiv2][query] POST https://serviceusage.googleapis.com/v1beta1/projects/532757567852/services/pubsub.googleapis.com:generateServiceIdentity [none]
[debug] [2026-08-09T16:08:50.361Z] >>> [apiv2][(partial)header] POST https://serviceusage.googleapis.com/v1beta1/projects/532757567852/services/pubsub.googleapis.com:generateServiceIdentity  x-goog-user-project=532757567852
[debug] [2026-08-09T16:08:50.361Z] >>> [apiv2][body] POST https://serviceusage.googleapis.com/v1beta1/projects/532757567852/services/pubsub.googleapis.com:generateServiceIdentity {}
[debug] [2026-08-09T16:08:50.362Z] >>> [apiv2][query] POST https://serviceusage.googleapis.com/v1beta1/projects/532757567852/services/eventarc.googleapis.com:generateServiceIdentity [none]
[debug] [2026-08-09T16:08:50.362Z] >>> [apiv2][(partial)header] POST https://serviceusage.googleapis.com/v1beta1/projects/532757567852/services/eventarc.googleapis.com:generateServiceIdentity  x-goog-user-project=532757567852
[debug] [2026-08-09T16:08:50.363Z] >>> [apiv2][body] POST https://serviceusage.googleapis.com/v1beta1/projects/532757567852/services/eventarc.googleapis.com:generateServiceIdentity {}
[debug] [2026-08-09T16:08:52.279Z] <<< [apiv2][status] POST https://serviceusage.googleapis.com/v1beta1/projects/532757567852/services/pubsub.googleapis.com:generateServiceIdentity 200
[debug] [2026-08-09T16:08:52.279Z] <<< [apiv2][body] POST https://serviceusage.googleapis.com/v1beta1/projects/532757567852/services/pubsub.googleapis.com:generateServiceIdentity {"name":"operations/finished.DONE_OPERATION","done":true,"response":{"@type":"type.googleapis.com/google.api.serviceusage.v1beta1.ServiceIdentity","email":"service-532757567852@gcp-sa-pubsub.iam.gserviceaccount.com","uniqueId":"113677137487830774922"}}
[debug] [2026-08-09T16:08:52.285Z] <<< [apiv2][status] POST https://serviceusage.googleapis.com/v1beta1/projects/532757567852/services/eventarc.googleapis.com:generateServiceIdentity 200
[debug] [2026-08-09T16:08:52.286Z] <<< [apiv2][body] POST https://serviceusage.googleapis.com/v1beta1/projects/532757567852/services/eventarc.googleapis.com:generateServiceIdentity {"name":"operations/finished.DONE_OPERATION","done":true,"response":{"@type":"type.googleapis.com/google.api.serviceusage.v1beta1.ServiceIdentity","email":"service-532757567852@gcp-sa-eventarc.iam.gserviceaccount.com","uniqueId":"102737124955063964906"}}
[debug] [2026-08-09T16:08:52.291Z] Checked if tokens are valid: true, expires at: 1786295311396
[debug] [2026-08-09T16:08:52.291Z] Checked if tokens are valid: true, expires at: 1786295311396
[debug] [2026-08-09T16:08:52.291Z] >>> [apiv2][query] GET https://cloudresourcemanager.googleapis.com/v1/projects/sirikfit40 [none]
[debug] [2026-08-09T16:08:52.614Z] <<< [apiv2][status] GET https://cloudresourcemanager.googleapis.com/v1/projects/sirikfit40 200
[debug] [2026-08-09T16:08:52.614Z] <<< [apiv2][body] GET https://cloudresourcemanager.googleapis.com/v1/projects/sirikfit40 {"projectNumber":"532757567852","projectId":"sirikfit40","lifecycleState":"ACTIVE","name":"sirikfit40","labels":{"firebase":"enabled","firebase-core":"disabled"},"createTime":"2026-08-07T11:15:30.438Z"}
[debug] [2026-08-09T16:08:52.615Z] Checked if tokens are valid: true, expires at: 1786295311396
[debug] [2026-08-09T16:08:52.615Z] Checked if tokens are valid: true, expires at: 1786295311396
[debug] [2026-08-09T16:08:52.615Z] >>> [apiv2][query] GET https://compute.googleapis.com/compute/v1/projects/532757567852 [none]
[debug] [2026-08-09T16:08:53.278Z] <<< [apiv2][status] GET https://compute.googleapis.com/compute/v1/projects/532757567852 403
[debug] [2026-08-09T16:08:53.278Z] <<< [apiv2][body] GET https://compute.googleapis.com/compute/v1/projects/532757567852 {"error":{"code":403,"message":"Compute Engine API has not been used in project 532757567852 before or it is disabled. Enable it by visiting https://console.developers.google.com/apis/api/compute.googleapis.com/overview?project=532757567852 then retry. If you enabled this API recently, wait a few minutes for the action to propagate to our systems and retry.","errors":[{"message":"Compute Engine API has not been used in project 532757567852 before or it is disabled. Enable it by visiting https://console.developers.google.com/apis/api/compute.googleapis.com/overview?project=532757567852 then retry. If you enabled this API recently, wait a few minutes for the action to propagate to our systems and retry.","domain":"usageLimits","reason":"accessNotConfigured","extendedHelp":"https://console.developers.google.com"}],"status":"PERMISSION_DENIED","details":[{"@type":"type.googleapis.com/google.rpc.ErrorInfo","reason":"SERVICE_DISABLED","domain":"googleapis.com","metadata":{"serviceTitle":"Compute Engine API","containerInfo":"532757567852","service":"compute.googleapis.com","activationUrl":"https://console.developers.google.com/apis/api/compute.googleapis.com/overview?project=532757567852","consumer":"projects/532757567852"}},{"@type":"type.googleapis.com/google.rpc.LocalizedMessage","locale":"en-US","message":"Compute Engine API has not been used in project 532757567852 before or it is disabled. Enable it by visiting https://console.developers.google.com/apis/api/compute.googleapis.com/overview?project=532757567852 then retry. If you enabled this API recently, wait a few minutes for the action to propagate to our systems and retry."},{"@type":"type.googleapis.com/google.rpc.Help","links":[{"description":"Google developers console API activation","url":"https://console.developers.google.com/apis/api/compute.googleapis.com/overview?project=532757567852"}]}]}}
[debug] [2026-08-09T16:08:53.278Z] unable to look up default compute service account. Falling back to 532757567852-compute@developer.gserviceaccount.com. Error: {"name":"FirebaseError","children":[],"context":{"body":{"error":{"code":403,"message":"Compute Engine API has not been used in project 532757567852 before or it is disabled. Enable it by visiting https://console.developers.google.com/apis/api/compute.googleapis.com/overview?project=532757567852 then retry. If you enabled this API recently, wait a few minutes for the action to propagate to our systems and retry.","errors":[{"message":"Compute Engine API has not been used in project 532757567852 before or it is disabled. Enable it by visiting https://console.developers.google.com/apis/api/compute.googleapis.com/overview?project=532757567852 then retry. If you enabled this API recently, wait a few minutes for the action to propagate to our systems and retry.","domain":"usageLimits","reason":"accessNotConfigured","extendedHelp":"https://console.developers.google.com"}],"status":"PERMISSION_DENIED","details":[{"@type":"type.googleapis.com/google.rpc.ErrorInfo","reason":"SERVICE_DISABLED","domain":"googleapis.com","metadata":{"serviceTitle":"Compute Engine API","containerInfo":"532757567852","service":"compute.googleapis.com","activationUrl":"https://console.developers.google.com/apis/api/compute.googleapis.com/overview?project=532757567852","consumer":"projects/532757567852"}},{"@type":"type.googleapis.com/google.rpc.LocalizedMessage","locale":"en-US","message":"Compute Engine API has not been used in project 532757567852 before or it is disabled. Enable it by visiting https://console.developers.google.com/apis/api/compute.googleapis.com/overview?project=532757567852 then retry. If you enabled this API recently, wait a few minutes for the action to propagate to our systems and retry."},{"@type":"type.googleapis.com/google.rpc.Help","links":[{"description":"Google developers console API activation","url":"https://console.developers.google.com/apis/api/compute.googleapis.com/overview?project=532757567852"}]}]}},"response":{"statusCode":403}},"exit":1,"message":"Request to https://compute.googleapis.com/compute/v1/projects/532757567852 had HTTP Error: 403, Compute Engine API has not been used in project 532757567852 before or it is disabled. Enable it by visiting https://console.developers.google.com/apis/api/compute.googleapis.com/overview?project=532757567852 then retry. If you enabled this API recently, wait a few minutes for the action to propagate to our systems and retry.","status":403}
[debug] [2026-08-09T16:08:53.282Z] Checked if tokens are valid: true, expires at: 1786295311396
[debug] [2026-08-09T16:08:53.282Z] Checked if tokens are valid: true, expires at: 1786295311396
[debug] [2026-08-09T16:08:53.282Z] >>> [apiv2][query] GET https://cloudbilling.googleapis.com/v1/projects/sirikfit40/billingInfo [none]
[debug] [2026-08-09T16:08:53.282Z] >>> [apiv2][(partial)header] GET https://cloudbilling.googleapis.com/v1/projects/sirikfit40/billingInfo  x-goog-user-project=sirikfit40
[debug] [2026-08-09T16:08:54.420Z] <<< [apiv2][status] GET https://cloudbilling.googleapis.com/v1/projects/sirikfit40/billingInfo 200
[debug] [2026-08-09T16:08:54.420Z] <<< [apiv2][body] GET https://cloudbilling.googleapis.com/v1/projects/sirikfit40/billingInfo {"name":"projects/sirikfit40/billingInfo","projectId":"sirikfit40","billingAccountName":"billingAccounts/0104A3-94ABFD-586AD8","billingEnabled":true}
[debug] [2026-08-09T16:08:54.424Z] Checked if tokens are valid: true, expires at: 1786295311396
[debug] [2026-08-09T16:08:54.424Z] Checked if tokens are valid: true, expires at: 1786295311396
[debug] [2026-08-09T16:08:54.425Z] >>> [apiv2][query] POST https://cloudfunctions.googleapis.com/v2/projects/sirikfit40/locations/us-central1/functions:generateUploadUrl [none]
[debug] [2026-08-09T16:08:55.562Z] <<< [apiv2][status] POST https://cloudfunctions.googleapis.com/v2/projects/sirikfit40/locations/us-central1/functions:generateUploadUrl 200
[debug] [2026-08-09T16:08:55.562Z] <<< [apiv2][body] POST https://cloudfunctions.googleapis.com/v2/projects/sirikfit40/locations/us-central1/functions:generateUploadUrl {"uploadUrl":"https://storage.googleapis.com/gcf-v2-uploads-532757567852.us-central1.cloudfunctions.appspot.com/3ccba16b-89c9-47c6-bb40-621413b92923.zip?GoogleAccessId=service-532757567852@gcf-admin-robot.iam.gserviceaccount.com&Expires=1786293535&Signature=o5aPJI9lVA8JJvvVi8EaD5jeoG8JhqC1e60vFWKi%2B1b4lXd8qRk075VzZv2uMW%2BYGBajm63jBkhc5KA8O7IV0qIFzPH5LLP%2BvFLV4sVJSHBNmdC9fjc47WWDKIQ9DTLtesml450IMxy%2Bx%2B3YA7yNMc%2Fbqy%2F9yEib8pJ%2BL6L5emJYNapvvKYsn5z1ROTN%2BOaE6Uf1Vnm%2FIcqZ4bi2znQDLCEsdr42v5%2BDa6gihyxgpS1LpFitQfGGu7GRLC98U4qVjZHwDtl2MT1LUfAZenVT9SZyvQITXMVhAjnJOXQsaw773lK0vY5NutxV3RFC6u5JjXqiwR7tGA%2Frh0HEe%2Fj5Hg%3D%3D","storageSource":{"bucket":"gcf-v2-uploads-532757567852.us-central1.cloudfunctions.appspot.com","object":"3ccba16b-89c9-47c6-bb40-621413b92923.zip"}}
[debug] [2026-08-09T16:08:55.563Z] >>> [apiv2][query] PUT https://storage.googleapis.com/gcf-v2-uploads-532757567852.us-central1.cloudfunctions.appspot.com/3ccba16b-89c9-47c6-bb40-621413b92923.zip GoogleAccessId=service-532757567852%40gcf-admin-robot.iam.gserviceaccount.com&Expires=1786293535&Signature=o5aPJI9lVA8JJvvVi8EaD5jeoG8JhqC1e60vFWKi%2B1b4lXd8qRk075VzZv2uMW%2BYGBajm63jBkhc5KA8O7IV0qIFzPH5LLP%2BvFLV4sVJSHBNmdC9fjc47WWDKIQ9DTLtesml450IMxy%2Bx%2B3YA7yNMc%2Fbqy%2F9yEib8pJ%2BL6L5emJYNapvvKYsn5z1ROTN%2BOaE6Uf1Vnm%2FIcqZ4bi2znQDLCEsdr42v5%2BDa6gihyxgpS1LpFitQfGGu7GRLC98U4qVjZHwDtl2MT1LUfAZenVT9SZyvQITXMVhAjnJOXQsaw773lK0vY5NutxV3RFC6u5JjXqiwR7tGA%2Frh0HEe%2Fj5Hg%3D%3D
[debug] [2026-08-09T16:08:55.563Z] >>> [apiv2][body] PUT https://storage.googleapis.com/gcf-v2-uploads-532757567852.us-central1.cloudfunctions.appspot.com/3ccba16b-89c9-47c6-bb40-621413b92923.zip [stream]
[debug] [2026-08-09T16:08:56.761Z] <<< [apiv2][status] PUT https://storage.googleapis.com/gcf-v2-uploads-532757567852.us-central1.cloudfunctions.appspot.com/3ccba16b-89c9-47c6-bb40-621413b92923.zip 200
[debug] [2026-08-09T16:08:56.762Z] <<< [apiv2][body] PUT https://storage.googleapis.com/gcf-v2-uploads-532757567852.us-central1.cloudfunctions.appspot.com/3ccba16b-89c9-47c6-bb40-621413b92923.zip [omitted]
[info] +  functions: functions source uploaded successfully 
[info] i  functions: updating Node.js 20 (2nd Gen) function parseLink(us-central1)... 
[debug] [2026-08-09T16:08:56.775Z] Checked if tokens are valid: true, expires at: 1786295311396
[debug] [2026-08-09T16:08:56.776Z] Checked if tokens are valid: true, expires at: 1786295311396
[debug] [2026-08-09T16:08:56.776Z] >>> [apiv2][query] PATCH https://cloudfunctions.googleapis.com/v2/projects/sirikfit40/locations/us-central1/functions/parseLink updateMask=name%2CbuildConfig.runtime%2CbuildConfig.entryPoint%2CbuildConfig.source.storageSource.bucket%2CbuildConfig.source.storageSource.object%2CbuildConfig.environmentVariables%2CbuildConfig.sourceToken%2CserviceConfig.environmentVariables%2CserviceConfig.ingressSettings%2CserviceConfig.timeoutSeconds%2CserviceConfig.serviceAccountEmail%2CserviceConfig.availableMemory%2CserviceConfig.minInstanceCount%2CserviceConfig.maxInstanceCount%2CserviceConfig.maxInstanceRequestConcurrency%2CserviceConfig.availableCpu%2CserviceConfig.vpcConnector%2CserviceConfig.vpcConnectorEgressSettings%2CserviceConfig.directVpcNetworkInterface%2CserviceConfig.directVpcEgress%2Clabels
[debug] [2026-08-09T16:08:56.776Z] >>> [apiv2][body] PATCH https://cloudfunctions.googleapis.com/v2/projects/sirikfit40/locations/us-central1/functions/parseLink {"name":"projects/sirikfit40/locations/us-central1/functions/parseLink","buildConfig":{"runtime":"nodejs20","entryPoint":"parseLink","source":{"storageSource":{"bucket":"gcf-v2-uploads-532757567852.us-central1.cloudfunctions.appspot.com","object":"3ccba16b-89c9-47c6-bb40-621413b92923.zip"}},"environmentVariables":{"GOOGLE_NODE_RUN_SCRIPTS":""}},"serviceConfig":{"environmentVariables":{"FIREBASE_CONFIG":"{\"projectId\":\"sirikfit40\",\"storageBucket\":\"sirikfit40.firebasestorage.app\"}","GCLOUD_PROJECT":"sirikfit40","EVENTARC_CLOUD_EVENT_SOURCE":"projects/sirikfit40/locations/us-central1/services/parseLink","FUNCTION_REGION":"us-central1","FUNCTION_TARGET":"parseLink","LOG_EXECUTION_ID":"true"},"ingressSettings":null,"timeoutSeconds":60,"serviceAccountEmail":null,"availableMemory":"256Mi","minInstanceCount":null,"maxInstanceCount":null,"maxInstanceRequestConcurrency":80,"availableCpu":"1","vpcConnector":null,"vpcConnectorEgressSettings":null,"directVpcNetworkInterface":null,"directVpcEgress":null},"labels":{"deployment-tool":"cli-firebase","firebase-functions-hash":"ee7a395a2b7547cbb941e58ec7d846cc4584f547"}}
[debug] [2026-08-09T16:08:58.607Z] <<< [apiv2][status] PATCH https://cloudfunctions.googleapis.com/v2/projects/sirikfit40/locations/us-central1/functions/parseLink 200
[debug] [2026-08-09T16:08:58.607Z] <<< [apiv2][body] PATCH https://cloudfunctions.googleapis.com/v2/projects/sirikfit40/locations/us-central1/functions/parseLink {"name":"projects/sirikfit40/locations/us-central1/operations/operation-1786291737665-6589f747d203c-cb9994e4-b613e915","metadata":{"@type":"type.googleapis.com/google.cloud.functions.v2.OperationMetadata","createTime":"2026-08-09T16:08:58.627639307Z","target":"projects/sirikfit40/locations/us-central1/functions/parseLink","verb":"update","cancelRequested":false,"apiVersion":"v2"},"done":false}
[debug] [2026-08-09T16:08:58.609Z] Checked if tokens are valid: true, expires at: 1786295311396
[debug] [2026-08-09T16:08:58.609Z] Checked if tokens are valid: true, expires at: 1786295311396
[debug] [2026-08-09T16:08:58.609Z] >>> [apiv2][query] GET https://cloudfunctions.googleapis.com/v2/projects/sirikfit40/locations/us-central1/operations/operation-1786291737665-6589f747d203c-cb9994e4-b613e915 [none]
[debug] [2026-08-09T16:08:59.459Z] <<< [apiv2][status] GET https://cloudfunctions.googleapis.com/v2/projects/sirikfit40/locations/us-central1/operations/operation-1786291737665-6589f747d203c-cb9994e4-b613e915 200
[debug] [2026-08-09T16:08:59.460Z] <<< [apiv2][body] GET https://cloudfunctions.googleapis.com/v2/projects/sirikfit40/locations/us-central1/operations/operation-1786291737665-6589f747d203c-cb9994e4-b613e915 {"name":"projects/sirikfit40/locations/us-central1/operations/operation-1786291737665-6589f747d203c-cb9994e4-b613e915","metadata":{"@type":"type.googleapis.com/google.cloud.functions.v2.OperationMetadata","createTime":"2026-08-09T16:08:58.627639307Z","target":"projects/sirikfit40/locations/us-central1/functions/parseLink","verb":"update","cancelRequested":false,"apiVersion":"v2","requestResource":{"@type":"type.googleapis.com/google.cloud.functions.v2.Function","name":"projects/sirikfit40/locations/us-central1/functions/parseLink","buildConfig":{"runtime":"nodejs20","entryPoint":"parseLink","source":{"storageSource":{"bucket":"gcf-v2-sources-532757567852-us-central1","object":"parseLink/function-source.zip","generation":"1786291738573093"}},"environmentVariables":{"GOOGLE_NODE_RUN_SCRIPTS":""},"dockerRepository":"projects/sirikfit40/locations/us-central1/repositories/gcf-artifacts","sourceProvenance":{"resolvedStorageSource":{"bucket":"gcf-v2-sources-532757567852-us-central1","object":"parseLink/function-source.zip","generation":"1786287209432557"}},"dockerRegistry":"ARTIFACT_REGISTRY","serviceAccount":"projects/sirikfit40/serviceAccounts/532757567852-compute@developer.gserviceaccount.com","automaticUpdatePolicy":{}},"serviceConfig":{"service":"projects/sirikfit40/locations/us-central1/services/parselink","timeoutSeconds":60,"environmentVariables":{"FIREBASE_CONFIG":"{\"projectId\":\"sirikfit40\",\"storageBucket\":\"sirikfit40.firebasestorage.app\"}","GCLOUD_PROJECT":"sirikfit40","EVENTARC_CLOUD_EVENT_SOURCE":"projects/sirikfit40/locations/us-central1/services/parseLink","FUNCTION_REGION":"us-central1","FUNCTION_TARGET":"parseLink","LOG_EXECUTION_ID":"true"},"ingressSettings":"ALLOW_ALL","uri":"https://parselink-lkl24gceta-uc.a.run.app","serviceAccountEmail":"532757567852-compute@developer.gserviceaccount.com","availableMemory":"256Mi","allTrafficOnLatestRevision":true,"revision":"parselink-00003-pip","maxInstanceRequestConcurrency":80,"availableCpu":"1"},"state":"ACTIVE","labels":{"deployment-tool":"cli-firebase","firebase-functions-hash":"ee7a395a2b7547cbb941e58ec7d846cc4584f547"},"environment":"GEN_2","url":"https://us-central1-sirikfit40.cloudfunctions.net/parseLink","satisfiesPzi":true},"stages":[{"name":"BUILD","message":"Creating build","state":"IN_PROGRESS","resource":"projects/532757567852/locations/us-central1/builds/c524e67d-6211-4f00-a135-db9133700f05","resourceUri":"https://console.cloud.google.com/cloud-build/builds;region=us-central1/c524e67d-6211-4f00-a135-db9133700f05?project=532757567852"},{"name":"SERVICE","state":"NOT_STARTED"}],"operationType":"UPDATE_FUNCTION","buildName":"projects/532757567852/locations/us-central1/builds/c524e67d-6211-4f00-a135-db9133700f05"},"done":false}
[debug] [2026-08-09T16:08:59.963Z] [update-default-us-central1-parseLink] Retrying task index 0
[debug] [2026-08-09T16:08:59.963Z] Checked if tokens are valid: true, expires at: 1786295311396
[debug] [2026-08-09T16:08:59.963Z] Checked if tokens are valid: true, expires at: 1786295311396
[debug] [2026-08-09T16:08:59.964Z] >>> [apiv2][query] GET https://cloudfunctions.googleapis.com/v2/projects/sirikfit40/locations/us-central1/operations/operation-1786291737665-6589f747d203c-cb9994e4-b613e915 [none]
[debug] [2026-08-09T16:09:00.850Z] <<< [apiv2][status] GET https://cloudfunctions.googleapis.com/v2/projects/sirikfit40/locations/us-central1/operations/operation-1786291737665-6589f747d203c-cb9994e4-b613e915 200
[debug] [2026-08-09T16:09:00.850Z] <<< [apiv2][body] GET https://cloudfunctions.googleapis.com/v2/projects/sirikfit40/locations/us-central1/operations/operation-1786291737665-6589f747d203c-cb9994e4-b613e915 {"name":"projects/sirikfit40/locations/us-central1/operations/operation-1786291737665-6589f747d203c-cb9994e4-b613e915","metadata":{"@type":"type.googleapis.com/google.cloud.functions.v2.OperationMetadata","createTime":"2026-08-09T16:08:58.627639307Z","target":"projects/sirikfit40/locations/us-central1/functions/parseLink","verb":"update","cancelRequested":false,"apiVersion":"v2","requestResource":{"@type":"type.googleapis.com/google.cloud.functions.v2.Function","name":"projects/sirikfit40/locations/us-central1/functions/parseLink","buildConfig":{"runtime":"nodejs20","entryPoint":"parseLink","source":{"storageSource":{"bucket":"gcf-v2-sources-532757567852-us-central1","object":"parseLink/function-source.zip","generation":"1786291738573093"}},"environmentVariables":{"GOOGLE_NODE_RUN_SCRIPTS":""},"dockerRepository":"projects/sirikfit40/locations/us-central1/repositories/gcf-artifacts","sourceProvenance":{"resolvedStorageSource":{"bucket":"gcf-v2-sources-532757567852-us-central1","object":"parseLink/function-source.zip","generation":"1786287209432557"}},"dockerRegistry":"ARTIFACT_REGISTRY","serviceAccount":"projects/sirikfit40/serviceAccounts/532757567852-compute@developer.gserviceaccount.com","automaticUpdatePolicy":{}},"serviceConfig":{"service":"projects/sirikfit40/locations/us-central1/services/parselink","timeoutSeconds":60,"environmentVariables":{"FIREBASE_CONFIG":"{\"projectId\":\"sirikfit40\",\"storageBucket\":\"sirikfit40.firebasestorage.app\"}","GCLOUD_PROJECT":"sirikfit40","EVENTARC_CLOUD_EVENT_SOURCE":"projects/sirikfit40/locations/us-central1/services/parseLink","FUNCTION_REGION":"us-central1","FUNCTION_TARGET":"parseLink","LOG_EXECUTION_ID":"true"},"ingressSettings":"ALLOW_ALL","uri":"https://parselink-lkl24gceta-uc.a.run.app","serviceAccountEmail":"532757567852-compute@developer.gserviceaccount.com","availableMemory":"256Mi","allTrafficOnLatestRevision":true,"revision":"parselink-00003-pip","maxInstanceRequestConcurrency":80,"availableCpu":"1"},"state":"ACTIVE","labels":{"deployment-tool":"cli-firebase","firebase-functions-hash":"ee7a395a2b7547cbb941e58ec7d846cc4584f547"},"environment":"GEN_2","url":"https://us-central1-sirikfit40.cloudfunctions.net/parseLink","satisfiesPzi":true},"stages":[{"name":"BUILD","message":"Build in progress","state":"IN_PROGRESS","resource":"projects/532757567852/locations/us-central1/builds/c524e67d-6211-4f00-a135-db9133700f05","resourceUri":"https://console.cloud.google.com/cloud-build/builds;region=us-central1/c524e67d-6211-4f00-a135-db9133700f05?project=532757567852"},{"name":"SERVICE","state":"NOT_STARTED"}],"operationType":"UPDATE_FUNCTION","buildName":"projects/532757567852/locations/us-central1/builds/c524e67d-6211-4f00-a135-db9133700f05"},"done":false}
[debug] [2026-08-09T16:09:01.862Z] [update-default-us-central1-parseLink] Retrying task index 0
[debug] [2026-08-09T16:09:01.863Z] Checked if tokens are valid: true, expires at: 1786295311396
[debug] [2026-08-09T16:09:01.863Z] Checked if tokens are valid: true, expires at: 1786295311396
[debug] [2026-08-09T16:09:01.863Z] >>> [apiv2][query] GET https://cloudfunctions.googleapis.com/v2/projects/sirikfit40/locations/us-central1/operations/operation-1786291737665-6589f747d203c-cb9994e4-b613e915 [none]
[debug] [2026-08-09T16:09:02.718Z] <<< [apiv2][status] GET https://cloudfunctions.googleapis.com/v2/projects/sirikfit40/locations/us-central1/operations/operation-1786291737665-6589f747d203c-cb9994e4-b613e915 200
[debug] [2026-08-09T16:09:02.718Z] <<< [apiv2][body] GET https://cloudfunctions.googleapis.com/v2/projects/sirikfit40/locations/us-central1/operations/operation-1786291737665-6589f747d203c-cb9994e4-b613e915 {"name":"projects/sirikfit40/locations/us-central1/operations/operation-1786291737665-6589f747d203c-cb9994e4-b613e915","metadata":{"@type":"type.googleapis.com/google.cloud.functions.v2.OperationMetadata","createTime":"2026-08-09T16:08:58.627639307Z","target":"projects/sirikfit40/locations/us-central1/functions/parseLink","verb":"update","cancelRequested":false,"apiVersion":"v2","requestResource":{"@type":"type.googleapis.com/google.cloud.functions.v2.Function","name":"projects/sirikfit40/locations/us-central1/functions/parseLink","buildConfig":{"runtime":"nodejs20","entryPoint":"parseLink","source":{"storageSource":{"bucket":"gcf-v2-sources-532757567852-us-central1","object":"parseLink/function-source.zip","generation":"1786291738573093"}},"environmentVariables":{"GOOGLE_NODE_RUN_SCRIPTS":""},"dockerRepository":"projects/sirikfit40/locations/us-central1/repositories/gcf-artifacts","sourceProvenance":{"resolvedStorageSource":{"bucket":"gcf-v2-sources-532757567852-us-central1","object":"parseLink/function-source.zip","generation":"1786287209432557"}},"dockerRegistry":"ARTIFACT_REGISTRY","serviceAccount":"projects/sirikfit40/serviceAccounts/532757567852-compute@developer.gserviceaccount.com","automaticUpdatePolicy":{}},"serviceConfig":{"service":"projects/sirikfit40/locations/us-central1/services/parselink","timeoutSeconds":60,"environmentVariables":{"FIREBASE_CONFIG":"{\"projectId\":\"sirikfit40\",\"storageBucket\":\"sirikfit40.firebasestorage.app\"}","GCLOUD_PROJECT":"sirikfit40","EVENTARC_CLOUD_EVENT_SOURCE":"projects/sirikfit40/locations/us-central1/services/parseLink","FUNCTION_REGION":"us-central1","FUNCTION_TARGET":"parseLink","LOG_EXECUTION_ID":"true"},"ingressSettings":"ALLOW_ALL","uri":"https://parselink-lkl24gceta-uc.a.run.app","serviceAccountEmail":"532757567852-compute@developer.gserviceaccount.com","availableMemory":"256Mi","allTrafficOnLatestRevision":true,"revision":"parselink-00003-pip","maxInstanceRequestConcurrency":80,"availableCpu":"1"},"state":"ACTIVE","labels":{"deployment-tool":"cli-firebase","firebase-functions-hash":"ee7a395a2b7547cbb941e58ec7d846cc4584f547"},"environment":"GEN_2","url":"https://us-central1-sirikfit40.cloudfunctions.net/parseLink","satisfiesPzi":true},"stages":[{"name":"BUILD","message":"Build in progress","state":"IN_PROGRESS","resource":"projects/532757567852/locations/us-central1/builds/c524e67d-6211-4f00-a135-db9133700f05","resourceUri":"https://console.cloud.google.com/cloud-build/builds;region=us-central1/c524e67d-6211-4f00-a135-db9133700f05?project=532757567852"},{"name":"SERVICE","state":"NOT_STARTED"}],"operationType":"UPDATE_FUNCTION","buildName":"projects/532757567852/locations/us-central1/builds/c524e67d-6211-4f00-a135-db9133700f05"},"done":false}
[debug] [2026-08-09T16:09:04.730Z] [update-default-us-central1-parseLink] Retrying task index 0
[debug] [2026-08-09T16:09:04.731Z] Checked if tokens are valid: true, expires at: 1786295311396
[debug] [2026-08-09T16:09:04.731Z] Checked if tokens are valid: true, expires at: 1786295311396
[debug] [2026-08-09T16:09:04.731Z] >>> [apiv2][query] GET https://cloudfunctions.googleapis.com/v2/projects/sirikfit40/locations/us-central1/operations/operation-1786291737665-6589f747d203c-cb9994e4-b613e915 [none]
[debug] [2026-08-09T16:09:05.598Z] <<< [apiv2][status] GET https://cloudfunctions.googleapis.com/v2/projects/sirikfit40/locations/us-central1/operations/operation-1786291737665-6589f747d203c-cb9994e4-b613e915 200
[debug] [2026-08-09T16:09:05.598Z] <<< [apiv2][body] GET https://cloudfunctions.googleapis.com/v2/projects/sirikfit40/locations/us-central1/operations/operation-1786291737665-6589f747d203c-cb9994e4-b613e915 {"name":"projects/sirikfit40/locations/us-central1/operations/operation-1786291737665-6589f747d203c-cb9994e4-b613e915","metadata":{"@type":"type.googleapis.com/google.cloud.functions.v2.OperationMetadata","createTime":"2026-08-09T16:08:58.627639307Z","target":"projects/sirikfit40/locations/us-central1/functions/parseLink","verb":"update","cancelRequested":false,"apiVersion":"v2","requestResource":{"@type":"type.googleapis.com/google.cloud.functions.v2.Function","name":"projects/sirikfit40/locations/us-central1/functions/parseLink","buildConfig":{"runtime":"nodejs20","entryPoint":"parseLink","source":{"storageSource":{"bucket":"gcf-v2-sources-532757567852-us-central1","object":"parseLink/function-source.zip","generation":"1786291738573093"}},"environmentVariables":{"GOOGLE_NODE_RUN_SCRIPTS":""},"dockerRepository":"projects/sirikfit40/locations/us-central1/repositories/gcf-artifacts","sourceProvenance":{"resolvedStorageSource":{"bucket":"gcf-v2-sources-532757567852-us-central1","object":"parseLink/function-source.zip","generation":"1786287209432557"}},"dockerRegistry":"ARTIFACT_REGISTRY","serviceAccount":"projects/sirikfit40/serviceAccounts/532757567852-compute@developer.gserviceaccount.com","automaticUpdatePolicy":{}},"serviceConfig":{"service":"projects/sirikfit40/locations/us-central1/services/parselink","timeoutSeconds":60,"environmentVariables":{"FIREBASE_CONFIG":"{\"projectId\":\"sirikfit40\",\"storageBucket\":\"sirikfit40.firebasestorage.app\"}","GCLOUD_PROJECT":"sirikfit40","EVENTARC_CLOUD_EVENT_SOURCE":"projects/sirikfit40/locations/us-central1/services/parseLink","FUNCTION_REGION":"us-central1","FUNCTION_TARGET":"parseLink","LOG_EXECUTION_ID":"true"},"ingressSettings":"ALLOW_ALL","uri":"https://parselink-lkl24gceta-uc.a.run.app","serviceAccountEmail":"532757567852-compute@developer.gserviceaccount.com","availableMemory":"256Mi","allTrafficOnLatestRevision":true,"revision":"parselink-00003-pip","maxInstanceRequestConcurrency":80,"availableCpu":"1"},"state":"ACTIVE","labels":{"deployment-tool":"cli-firebase","firebase-functions-hash":"ee7a395a2b7547cbb941e58ec7d846cc4584f547"},"environment":"GEN_2","url":"https://us-central1-sirikfit40.cloudfunctions.net/parseLink","satisfiesPzi":true},"stages":[{"name":"BUILD","message":"Build in progress","state":"IN_PROGRESS","resource":"projects/532757567852/locations/us-central1/builds/c524e67d-6211-4f00-a135-db9133700f05","resourceUri":"https://console.cloud.google.com/cloud-build/builds;region=us-central1/c524e67d-6211-4f00-a135-db9133700f05?project=532757567852"},{"name":"SERVICE","state":"NOT_STARTED"}],"operationType":"UPDATE_FUNCTION","buildName":"projects/532757567852/locations/us-central1/builds/c524e67d-6211-4f00-a135-db9133700f05"},"done":false}
[debug] [2026-08-09T16:09:09.602Z] [update-default-us-central1-parseLink] Retrying task index 0
[debug] [2026-08-09T16:09:09.603Z] Checked if tokens are valid: true, expires at: 1786295311396
[debug] [2026-08-09T16:09:09.604Z] Checked if tokens are valid: true, expires at: 1786295311396
[debug] [2026-08-09T16:09:09.604Z] >>> [apiv2][query] GET https://cloudfunctions.googleapis.com/v2/projects/sirikfit40/locations/us-central1/operations/operation-1786291737665-6589f747d203c-cb9994e4-b613e915 [none]
[debug] [2026-08-09T16:09:10.679Z] <<< [apiv2][status] GET https://cloudfunctions.googleapis.com/v2/projects/sirikfit40/locations/us-central1/operations/operation-1786291737665-6589f747d203c-cb9994e4-b613e915 200
[debug] [2026-08-09T16:09:10.679Z] <<< [apiv2][body] GET https://cloudfunctions.googleapis.com/v2/projects/sirikfit40/locations/us-central1/operations/operation-1786291737665-6589f747d203c-cb9994e4-b613e915 {"name":"projects/sirikfit40/locations/us-central1/operations/operation-1786291737665-6589f747d203c-cb9994e4-b613e915","metadata":{"@type":"type.googleapis.com/google.cloud.functions.v2.OperationMetadata","createTime":"2026-08-09T16:08:58.627639307Z","target":"projects/sirikfit40/locations/us-central1/functions/parseLink","verb":"update","cancelRequested":false,"apiVersion":"v2","requestResource":{"@type":"type.googleapis.com/google.cloud.functions.v2.Function","name":"projects/sirikfit40/locations/us-central1/functions/parseLink","buildConfig":{"runtime":"nodejs20","entryPoint":"parseLink","source":{"storageSource":{"bucket":"gcf-v2-sources-532757567852-us-central1","object":"parseLink/function-source.zip","generation":"1786291738573093"}},"environmentVariables":{"GOOGLE_NODE_RUN_SCRIPTS":""},"dockerRepository":"projects/sirikfit40/locations/us-central1/repositories/gcf-artifacts","sourceProvenance":{"resolvedStorageSource":{"bucket":"gcf-v2-sources-532757567852-us-central1","object":"parseLink/function-source.zip","generation":"1786287209432557"}},"dockerRegistry":"ARTIFACT_REGISTRY","serviceAccount":"projects/sirikfit40/serviceAccounts/532757567852-compute@developer.gserviceaccount.com","automaticUpdatePolicy":{}},"serviceConfig":{"service":"projects/sirikfit40/locations/us-central1/services/parselink","timeoutSeconds":60,"environmentVariables":{"FIREBASE_CONFIG":"{\"projectId\":\"sirikfit40\",\"storageBucket\":\"sirikfit40.firebasestorage.app\"}","GCLOUD_PROJECT":"sirikfit40","EVENTARC_CLOUD_EVENT_SOURCE":"projects/sirikfit40/locations/us-central1/services/parseLink","FUNCTION_REGION":"us-central1","FUNCTION_TARGET":"parseLink","LOG_EXECUTION_ID":"true"},"ingressSettings":"ALLOW_ALL","uri":"https://parselink-lkl24gceta-uc.a.run.app","serviceAccountEmail":"532757567852-compute@developer.gserviceaccount.com","availableMemory":"256Mi","allTrafficOnLatestRevision":true,"revision":"parselink-00003-pip","maxInstanceRequestConcurrency":80,"availableCpu":"1"},"state":"ACTIVE","labels":{"deployment-tool":"cli-firebase","firebase-functions-hash":"ee7a395a2b7547cbb941e58ec7d846cc4584f547"},"environment":"GEN_2","url":"https://us-central1-sirikfit40.cloudfunctions.net/parseLink","satisfiesPzi":true},"stages":[{"name":"BUILD","message":"Build in progress","state":"IN_PROGRESS","resource":"projects/532757567852/locations/us-central1/builds/c524e67d-6211-4f00-a135-db9133700f05","resourceUri":"https://console.cloud.google.com/cloud-build/builds;region=us-central1/c524e67d-6211-4f00-a135-db9133700f05?project=532757567852"},{"name":"SERVICE","state":"NOT_STARTED"}],"operationType":"UPDATE_FUNCTION","buildName":"projects/532757567852/locations/us-central1/builds/c524e67d-6211-4f00-a135-db9133700f05"},"done":false}
[debug] [2026-08-09T16:09:18.693Z] [update-default-us-central1-parseLink] Retrying task index 0
[debug] [2026-08-09T16:09:18.694Z] Checked if tokens are valid: true, expires at: 1786295311396
[debug] [2026-08-09T16:09:18.694Z] Checked if tokens are valid: true, expires at: 1786295311396
[debug] [2026-08-09T16:09:18.694Z] >>> [apiv2][query] GET https://cloudfunctions.googleapis.com/v2/projects/sirikfit40/locations/us-central1/operations/operation-1786291737665-6589f747d203c-cb9994e4-b613e915 [none]
[debug] [2026-08-09T16:09:19.726Z] <<< [apiv2][status] GET https://cloudfunctions.googleapis.com/v2/projects/sirikfit40/locations/us-central1/operations/operation-1786291737665-6589f747d203c-cb9994e4-b613e915 200
[debug] [2026-08-09T16:09:19.726Z] <<< [apiv2][body] GET https://cloudfunctions.googleapis.com/v2/projects/sirikfit40/locations/us-central1/operations/operation-1786291737665-6589f747d203c-cb9994e4-b613e915 {"name":"projects/sirikfit40/locations/us-central1/operations/operation-1786291737665-6589f747d203c-cb9994e4-b613e915","metadata":{"@type":"type.googleapis.com/google.cloud.functions.v2.OperationMetadata","createTime":"2026-08-09T16:08:58.627639307Z","target":"projects/sirikfit40/locations/us-central1/functions/parseLink","verb":"update","cancelRequested":false,"apiVersion":"v2","requestResource":{"@type":"type.googleapis.com/google.cloud.functions.v2.Function","name":"projects/sirikfit40/locations/us-central1/functions/parseLink","buildConfig":{"runtime":"nodejs20","entryPoint":"parseLink","source":{"storageSource":{"bucket":"gcf-v2-sources-532757567852-us-central1","object":"parseLink/function-source.zip","generation":"1786291738573093"}},"environmentVariables":{"GOOGLE_NODE_RUN_SCRIPTS":""},"dockerRepository":"projects/sirikfit40/locations/us-central1/repositories/gcf-artifacts","sourceProvenance":{"resolvedStorageSource":{"bucket":"gcf-v2-sources-532757567852-us-central1","object":"parseLink/function-source.zip","generation":"1786287209432557"}},"dockerRegistry":"ARTIFACT_REGISTRY","serviceAccount":"projects/sirikfit40/serviceAccounts/532757567852-compute@developer.gserviceaccount.com","automaticUpdatePolicy":{}},"serviceConfig":{"service":"projects/sirikfit40/locations/us-central1/services/parselink","timeoutSeconds":60,"environmentVariables":{"FIREBASE_CONFIG":"{\"projectId\":\"sirikfit40\",\"storageBucket\":\"sirikfit40.firebasestorage.app\"}","GCLOUD_PROJECT":"sirikfit40","EVENTARC_CLOUD_EVENT_SOURCE":"projects/sirikfit40/locations/us-central1/services/parseLink","FUNCTION_REGION":"us-central1","FUNCTION_TARGET":"parseLink","LOG_EXECUTION_ID":"true"},"ingressSettings":"ALLOW_ALL","uri":"https://parselink-lkl24gceta-uc.a.run.app","serviceAccountEmail":"532757567852-compute@developer.gserviceaccount.com","availableMemory":"256Mi","allTrafficOnLatestRevision":true,"revision":"parselink-00003-pip","maxInstanceRequestConcurrency":80,"availableCpu":"1"},"state":"ACTIVE","labels":{"deployment-tool":"cli-firebase","firebase-functions-hash":"ee7a395a2b7547cbb941e58ec7d846cc4584f547"},"environment":"GEN_2","url":"https://us-central1-sirikfit40.cloudfunctions.net/parseLink","satisfiesPzi":true},"stages":[{"name":"BUILD","message":"Build in progress","state":"IN_PROGRESS","resource":"projects/532757567852/locations/us-central1/builds/c524e67d-6211-4f00-a135-db9133700f05","resourceUri":"https://console.cloud.google.com/cloud-build/builds;region=us-central1/c524e67d-6211-4f00-a135-db9133700f05?project=532757567852"},{"name":"SERVICE","state":"NOT_STARTED"}],"operationType":"UPDATE_FUNCTION","buildName":"projects/532757567852/locations/us-central1/builds/c524e67d-6211-4f00-a135-db9133700f05"},"done":false}
[debug] [2026-08-09T16:09:29.742Z] [update-default-us-central1-parseLink] Retrying task index 0
[debug] [2026-08-09T16:09:29.742Z] Checked if tokens are valid: true, expires at: 1786295311396
[debug] [2026-08-09T16:09:29.742Z] Checked if tokens are valid: true, expires at: 1786295311396
[debug] [2026-08-09T16:09:29.742Z] >>> [apiv2][query] GET https://cloudfunctions.googleapis.com/v2/projects/sirikfit40/locations/us-central1/operations/operation-1786291737665-6589f747d203c-cb9994e4-b613e915 [none]
[debug] [2026-08-09T16:09:30.788Z] <<< [apiv2][status] GET https://cloudfunctions.googleapis.com/v2/projects/sirikfit40/locations/us-central1/operations/operation-1786291737665-6589f747d203c-cb9994e4-b613e915 200
[debug] [2026-08-09T16:09:30.788Z] <<< [apiv2][body] GET https://cloudfunctions.googleapis.com/v2/projects/sirikfit40/locations/us-central1/operations/operation-1786291737665-6589f747d203c-cb9994e4-b613e915 {"name":"projects/sirikfit40/locations/us-central1/operations/operation-1786291737665-6589f747d203c-cb9994e4-b613e915","metadata":{"@type":"type.googleapis.com/google.cloud.functions.v2.OperationMetadata","createTime":"2026-08-09T16:08:58.627639307Z","target":"projects/sirikfit40/locations/us-central1/functions/parseLink","verb":"update","cancelRequested":false,"apiVersion":"v2","requestResource":{"@type":"type.googleapis.com/google.cloud.functions.v2.Function","name":"projects/sirikfit40/locations/us-central1/functions/parseLink","buildConfig":{"runtime":"nodejs20","entryPoint":"parseLink","source":{"storageSource":{"bucket":"gcf-v2-sources-532757567852-us-central1","object":"parseLink/function-source.zip","generation":"1786291738573093"}},"environmentVariables":{"GOOGLE_NODE_RUN_SCRIPTS":""},"dockerRepository":"projects/sirikfit40/locations/us-central1/repositories/gcf-artifacts","sourceProvenance":{"resolvedStorageSource":{"bucket":"gcf-v2-sources-532757567852-us-central1","object":"parseLink/function-source.zip","generation":"1786287209432557"}},"dockerRegistry":"ARTIFACT_REGISTRY","serviceAccount":"projects/sirikfit40/serviceAccounts/532757567852-compute@developer.gserviceaccount.com","automaticUpdatePolicy":{}},"serviceConfig":{"service":"projects/sirikfit40/locations/us-central1/services/parselink","timeoutSeconds":60,"environmentVariables":{"FIREBASE_CONFIG":"{\"projectId\":\"sirikfit40\",\"storageBucket\":\"sirikfit40.firebasestorage.app\"}","GCLOUD_PROJECT":"sirikfit40","EVENTARC_CLOUD_EVENT_SOURCE":"projects/sirikfit40/locations/us-central1/services/parseLink","FUNCTION_REGION":"us-central1","FUNCTION_TARGET":"parseLink","LOG_EXECUTION_ID":"true"},"ingressSettings":"ALLOW_ALL","uri":"https://parselink-lkl24gceta-uc.a.run.app","serviceAccountEmail":"532757567852-compute@developer.gserviceaccount.com","availableMemory":"256Mi","allTrafficOnLatestRevision":true,"revision":"parselink-00003-pip","maxInstanceRequestConcurrency":80,"availableCpu":"1"},"state":"ACTIVE","labels":{"deployment-tool":"cli-firebase","firebase-functions-hash":"ee7a395a2b7547cbb941e58ec7d846cc4584f547"},"environment":"GEN_2","url":"https://us-central1-sirikfit40.cloudfunctions.net/parseLink","satisfiesPzi":true},"stages":[{"name":"BUILD","message":"Build in progress","state":"IN_PROGRESS","resource":"projects/532757567852/locations/us-central1/builds/c524e67d-6211-4f00-a135-db9133700f05","resourceUri":"https://console.cloud.google.com/cloud-build/builds;region=us-central1/c524e67d-6211-4f00-a135-db9133700f05?project=532757567852"},{"name":"SERVICE","state":"NOT_STARTED"}],"operationType":"UPDATE_FUNCTION","buildName":"projects/532757567852/locations/us-central1/builds/c524e67d-6211-4f00-a135-db9133700f05"},"done":false}
[debug] [2026-08-09T16:09:40.798Z] [update-default-us-central1-parseLink] Retrying task index 0
[debug] [2026-08-09T16:09:40.799Z] Checked if tokens are valid: true, expires at: 1786295311396
[debug] [2026-08-09T16:09:40.799Z] Checked if tokens are valid: true, expires at: 1786295311396
[debug] [2026-08-09T16:09:40.799Z] >>> [apiv2][query] GET https://cloudfunctions.googleapis.com/v2/projects/sirikfit40/locations/us-central1/operations/operation-1786291737665-6589f747d203c-cb9994e4-b613e915 [none]
[debug] [2026-08-09T16:09:41.910Z] <<< [apiv2][status] GET https://cloudfunctions.googleapis.com/v2/projects/sirikfit40/locations/us-central1/operations/operation-1786291737665-6589f747d203c-cb9994e4-b613e915 200
[debug] [2026-08-09T16:09:41.910Z] <<< [apiv2][body] GET https://cloudfunctions.googleapis.com/v2/projects/sirikfit40/locations/us-central1/operations/operation-1786291737665-6589f747d203c-cb9994e4-b613e915 {"name":"projects/sirikfit40/locations/us-central1/operations/operation-1786291737665-6589f747d203c-cb9994e4-b613e915","metadata":{"@type":"type.googleapis.com/google.cloud.functions.v2.OperationMetadata","createTime":"2026-08-09T16:08:58.627639307Z","target":"projects/sirikfit40/locations/us-central1/functions/parseLink","verb":"update","cancelRequested":false,"apiVersion":"v2","requestResource":{"@type":"type.googleapis.com/google.cloud.functions.v2.Function","name":"projects/sirikfit40/locations/us-central1/functions/parseLink","buildConfig":{"runtime":"nodejs20","entryPoint":"parseLink","source":{"storageSource":{"bucket":"gcf-v2-sources-532757567852-us-central1","object":"parseLink/function-source.zip","generation":"1786291738573093"}},"environmentVariables":{"GOOGLE_NODE_RUN_SCRIPTS":""},"dockerRepository":"projects/sirikfit40/locations/us-central1/repositories/gcf-artifacts","sourceProvenance":{"resolvedStorageSource":{"bucket":"gcf-v2-sources-532757567852-us-central1","object":"parseLink/function-source.zip","generation":"1786287209432557"}},"dockerRegistry":"ARTIFACT_REGISTRY","serviceAccount":"projects/sirikfit40/serviceAccounts/532757567852-compute@developer.gserviceaccount.com","automaticUpdatePolicy":{}},"serviceConfig":{"service":"projects/sirikfit40/locations/us-central1/services/parselink","timeoutSeconds":60,"environmentVariables":{"FIREBASE_CONFIG":"{\"projectId\":\"sirikfit40\",\"storageBucket\":\"sirikfit40.firebasestorage.app\"}","GCLOUD_PROJECT":"sirikfit40","EVENTARC_CLOUD_EVENT_SOURCE":"projects/sirikfit40/locations/us-central1/services/parseLink","FUNCTION_REGION":"us-central1","FUNCTION_TARGET":"parseLink","LOG_EXECUTION_ID":"true"},"ingressSettings":"ALLOW_ALL","uri":"https://parselink-lkl24gceta-uc.a.run.app","serviceAccountEmail":"532757567852-compute@developer.gserviceaccount.com","availableMemory":"256Mi","allTrafficOnLatestRevision":true,"revision":"parselink-00003-pip","maxInstanceRequestConcurrency":80,"availableCpu":"1"},"state":"ACTIVE","labels":{"deployment-tool":"cli-firebase","firebase-functions-hash":"ee7a395a2b7547cbb941e58ec7d846cc4584f547"},"environment":"GEN_2","url":"https://us-central1-sirikfit40.cloudfunctions.net/parseLink","satisfiesPzi":true},"stages":[{"name":"BUILD","message":"Build in progress","state":"IN_PROGRESS","resource":"projects/532757567852/locations/us-central1/builds/c524e67d-6211-4f00-a135-db9133700f05","resourceUri":"https://console.cloud.google.com/cloud-build/builds;region=us-central1/c524e67d-6211-4f00-a135-db9133700f05?project=532757567852"},{"name":"SERVICE","state":"NOT_STARTED"}],"operationType":"UPDATE_FUNCTION","buildName":"projects/532757567852/locations/us-central1/builds/c524e67d-6211-4f00-a135-db9133700f05"},"done":false}
[debug] [2026-08-09T16:09:51.922Z] [update-default-us-central1-parseLink] Retrying task index 0
[debug] [2026-08-09T16:09:51.922Z] Checked if tokens are valid: true, expires at: 1786295311396
[debug] [2026-08-09T16:09:51.922Z] Checked if tokens are valid: true, expires at: 1786295311396
[debug] [2026-08-09T16:09:51.923Z] >>> [apiv2][query] GET https://cloudfunctions.googleapis.com/v2/projects/sirikfit40/locations/us-central1/operations/operation-1786291737665-6589f747d203c-cb9994e4-b613e915 [none]
[debug] [2026-08-09T16:09:52.941Z] <<< [apiv2][status] GET https://cloudfunctions.googleapis.com/v2/projects/sirikfit40/locations/us-central1/operations/operation-1786291737665-6589f747d203c-cb9994e4-b613e915 200
[debug] [2026-08-09T16:09:52.941Z] <<< [apiv2][body] GET https://cloudfunctions.googleapis.com/v2/projects/sirikfit40/locations/us-central1/operations/operation-1786291737665-6589f747d203c-cb9994e4-b613e915 {"name":"projects/sirikfit40/locations/us-central1/operations/operation-1786291737665-6589f747d203c-cb9994e4-b613e915","metadata":{"@type":"type.googleapis.com/google.cloud.functions.v2.OperationMetadata","createTime":"2026-08-09T16:08:58.627639307Z","target":"projects/sirikfit40/locations/us-central1/functions/parseLink","verb":"update","cancelRequested":false,"apiVersion":"v2","requestResource":{"@type":"type.googleapis.com/google.cloud.functions.v2.Function","name":"projects/sirikfit40/locations/us-central1/functions/parseLink","buildConfig":{"runtime":"nodejs20","entryPoint":"parseLink","source":{"storageSource":{"bucket":"gcf-v2-sources-532757567852-us-central1","object":"parseLink/function-source.zip","generation":"1786291738573093"}},"environmentVariables":{"GOOGLE_NODE_RUN_SCRIPTS":""},"dockerRepository":"projects/sirikfit40/locations/us-central1/repositories/gcf-artifacts","sourceProvenance":{"resolvedStorageSource":{"bucket":"gcf-v2-sources-532757567852-us-central1","object":"parseLink/function-source.zip","generation":"1786287209432557"}},"dockerRegistry":"ARTIFACT_REGISTRY","serviceAccount":"projects/sirikfit40/serviceAccounts/532757567852-compute@developer.gserviceaccount.com","automaticUpdatePolicy":{}},"serviceConfig":{"service":"projects/sirikfit40/locations/us-central1/services/parselink","timeoutSeconds":60,"environmentVariables":{"FIREBASE_CONFIG":"{\"projectId\":\"sirikfit40\",\"storageBucket\":\"sirikfit40.firebasestorage.app\"}","GCLOUD_PROJECT":"sirikfit40","EVENTARC_CLOUD_EVENT_SOURCE":"projects/sirikfit40/locations/us-central1/services/parseLink","FUNCTION_REGION":"us-central1","FUNCTION_TARGET":"parseLink","LOG_EXECUTION_ID":"true"},"ingressSettings":"ALLOW_ALL","uri":"https://parselink-lkl24gceta-uc.a.run.app","serviceAccountEmail":"532757567852-compute@developer.gserviceaccount.com","availableMemory":"256Mi","allTrafficOnLatestRevision":true,"revision":"parselink-00003-pip","maxInstanceRequestConcurrency":80,"availableCpu":"1"},"state":"ACTIVE","labels":{"deployment-tool":"cli-firebase","firebase-functions-hash":"ee7a395a2b7547cbb941e58ec7d846cc4584f547"},"environment":"GEN_2","url":"https://us-central1-sirikfit40.cloudfunctions.net/parseLink","satisfiesPzi":true},"stages":[{"name":"BUILD","message":"Build in progress","state":"IN_PROGRESS","resource":"projects/532757567852/locations/us-central1/builds/c524e67d-6211-4f00-a135-db9133700f05","resourceUri":"https://console.cloud.google.com/cloud-build/builds;region=us-central1/c524e67d-6211-4f00-a135-db9133700f05?project=532757567852"},{"name":"SERVICE","state":"NOT_STARTED"}],"operationType":"UPDATE_FUNCTION","buildName":"projects/532757567852/locations/us-central1/builds/c524e67d-6211-4f00-a135-db9133700f05"},"done":false}
[debug] [2026-08-09T16:10:02.948Z] [update-default-us-central1-parseLink] Retrying task index 0
[debug] [2026-08-09T16:10:02.949Z] Checked if tokens are valid: true, expires at: 1786295311396
[debug] [2026-08-09T16:10:02.949Z] Checked if tokens are valid: true, expires at: 1786295311396
[debug] [2026-08-09T16:10:02.949Z] >>> [apiv2][query] GET https://cloudfunctions.googleapis.com/v2/projects/sirikfit40/locations/us-central1/operations/operation-1786291737665-6589f747d203c-cb9994e4-b613e915 [none]
[debug] [2026-08-09T16:10:04.054Z] <<< [apiv2][status] GET https://cloudfunctions.googleapis.com/v2/projects/sirikfit40/locations/us-central1/operations/operation-1786291737665-6589f747d203c-cb9994e4-b613e915 200
[debug] [2026-08-09T16:10:04.054Z] <<< [apiv2][body] GET https://cloudfunctions.googleapis.com/v2/projects/sirikfit40/locations/us-central1/operations/operation-1786291737665-6589f747d203c-cb9994e4-b613e915 {"name":"projects/sirikfit40/locations/us-central1/operations/operation-1786291737665-6589f747d203c-cb9994e4-b613e915","metadata":{"@type":"type.googleapis.com/google.cloud.functions.v2.OperationMetadata","createTime":"2026-08-09T16:08:58.627639307Z","endTime":"2026-08-09T16:10:01.582866156Z","target":"projects/sirikfit40/locations/us-central1/functions/parseLink","verb":"update","cancelRequested":false,"apiVersion":"v2","requestResource":{"@type":"type.googleapis.com/google.cloud.functions.v2.Function","name":"projects/sirikfit40/locations/us-central1/functions/parseLink","buildConfig":{"runtime":"nodejs20","entryPoint":"parseLink","source":{"storageSource":{"bucket":"gcf-v2-sources-532757567852-us-central1","object":"parseLink/function-source.zip","generation":"1786291738573093"}},"environmentVariables":{"GOOGLE_NODE_RUN_SCRIPTS":""},"dockerRepository":"projects/sirikfit40/locations/us-central1/repositories/gcf-artifacts","sourceProvenance":{"resolvedStorageSource":{"bucket":"gcf-v2-sources-532757567852-us-central1","object":"parseLink/function-source.zip","generation":"1786287209432557"}},"dockerRegistry":"ARTIFACT_REGISTRY","serviceAccount":"projects/sirikfit40/serviceAccounts/532757567852-compute@developer.gserviceaccount.com","automaticUpdatePolicy":{}},"serviceConfig":{"service":"projects/sirikfit40/locations/us-central1/services/parselink","timeoutSeconds":60,"environmentVariables":{"FIREBASE_CONFIG":"{\"projectId\":\"sirikfit40\",\"storageBucket\":\"sirikfit40.firebasestorage.app\"}","GCLOUD_PROJECT":"sirikfit40","EVENTARC_CLOUD_EVENT_SOURCE":"projects/sirikfit40/locations/us-central1/services/parseLink","FUNCTION_REGION":"us-central1","FUNCTION_TARGET":"parseLink","LOG_EXECUTION_ID":"true"},"ingressSettings":"ALLOW_ALL","uri":"https://parselink-lkl24gceta-uc.a.run.app","serviceAccountEmail":"532757567852-compute@developer.gserviceaccount.com","availableMemory":"256Mi","allTrafficOnLatestRevision":true,"revision":"parselink-00003-pip","maxInstanceRequestConcurrency":80,"availableCpu":"1"},"state":"ACTIVE","labels":{"deployment-tool":"cli-firebase","firebase-functions-hash":"ee7a395a2b7547cbb941e58ec7d846cc4584f547"},"environment":"GEN_2","url":"https://us-central1-sirikfit40.cloudfunctions.net/parseLink","satisfiesPzi":true},"stages":[{"name":"SERVICE","state":"NOT_STARTED"}],"operationType":"UPDATE_FUNCTION"},"done":true,"error":{"code":3,"message":"Build failed with status: FAILURE and message: npm error code EUSAGE\nnpm error\nnpm error `npm ci` can only install packages when your package.json and package-lock.json or npm-shrinkwrap.json are in sync. Please update your lock file with `npm install` before continuing.\nnpm error\nnpm error Invalid: lock file's @types/node@26.2.0 does not satisfy @types/node@20.19.43\nnpm error Invalid: lock file's firebase-admin@13.10.0 does not satisfy firebase-admin@12.7.0\nnpm error Invalid: lock file's firebase-functions@7.3.2 does not satisfy firebase-functions@5.1.1\nnpm error Invalid: lock file's typescript@6.0.3 does not satisfy typescript@5.9.3\nnpm error Invalid: lock file's undici-types@8.3.0 does not satisfy undici-types@6.21.0\nnpm error Invalid: lock file's @firebase/database-compat@2.1.6 does not satisfy @firebase/database-compat@1.0.8\nnpm error Invalid: lock file's @firebase/database-types@1.0.21 does not satisfy @firebase/database-types@1.0.5\nnpm error Missing: @types/node@22.20.1 from lock file\nnpm error Missing: node-forge@1.4.0 from lock file\nnpm error Missing: uuid@10.0.0 from lock file\nnpm error Invalid: lock file's @firebase/component@0.7.4 does not satisfy @firebase/component@0.6.9\nnpm error Invalid: lock file's @firebase/database@1.1.4 does not satisfy @firebase/database@1.0.8\nnpm error Invalid: lock file's @firebase/logger@0.5.1 does not satisfy @firebase/logger@0.4.2\nnpm error Invalid: lock file's @firebase/util@1.15.2 does not satisfy @firebase/util@1.10.0\nnpm error Invalid: lock file's @firebase/app-check-interop-types@0.3.4 does not satisfy @firebase/app-check-interop-types@0.3.2\nnpm error Invalid: lock file's @firebase/auth-interop-types@0.2.5 does not satisfy @firebase/auth-interop-types@0.2.3\nnpm error Invalid: lock file's @firebase/app-types@0.9.5 does not satisfy @firebase/app-types@0.9.2\nnpm error Invalid: lock file's @types/express@5.0.6 does not satisfy @types/express@4.17.3\nnpm error Invalid: lock file's express@5.2.1 does not satisfy express@4.22.2\nnpm error Invalid: lock file's accepts@2.0.0 does not satisfy accepts@1.3.8\nnpm error Missing: array-flatten@1.1.1 from lock file\nnpm error Invalid: lock file's body-parser@2.3.0 does not satisfy body-parser@1.20.6\nnpm error Invalid: lock file's content-disposition@1.1.0 does not satisfy content-disposition@0.5.4\nnpm error Invalid: lock file's cookie-signature@1.2.2 does not satisfy cookie-signature@1.0.7\nnpm error Missing: debug@2.6.9 from lock file\nnpm error Invalid: lock file's finalhandler@2.1.1 does not satisfy finalhandler@1.3.2\nnpm error Invalid: lock file's fresh@2.0.0 does not satisfy fresh@0.5.2\nnpm error Invalid: lock file's merge-descriptors@2.0.0 does not satisfy merge-descriptors@1.0.3\nnpm error Missing: methods@1.1.2 from lock file\nnpm error Invalid: lock file's path-to-regexp@8.4.2 does not satisfy path-to-regexp@0.1.13\nnpm error Invalid: lock file's range-parser@1.3.0 does not satisfy range-parser@1.2.1\nnpm error Invalid: lock file's send@1.2.1 does not satisfy send@0.19.2\nnpm error Invalid: lock file's serve-static@2.2.1 does not satisfy serve-static@1.16.3\nnpm error Invalid: lock file's type-is@2.1.0 does not satisfy type-is@1.6.18\nnpm error Missing: utils-merge@1.0.1 from lock file\nnpm error Invalid: lock file's mime-types@3.0.2 does not satisfy mime-types@2.1.35\nnpm error Invalid: lock file's negotiator@1.0.0 does not satisfy negotiator@0.6.3\nnpm error Missing: debug@2.6.9 from lock file\nnpm error Missing: destroy@1.2.0 from lock file\nnpm error Invalid: lock file's iconv-lite@0.7.3 does not satisfy iconv-lite@0.4.24\nnpm error Invalid: lock file's raw-body@3.0.2 does not satisfy raw-body@2.5.3\nnpm error Missing: debug@2.6.9 from lock file\nnpm error Invalid: lock file's mime-db@1.54.0 does not satisfy mime-db@1.52.0\nnpm error Missing: debug@2.6.9 from lock file\nnpm error Missing: mime@1.6.0 from lock file\nnpm error Invalid: lock file's media-typer@1.1.1 does not satisfy media-typer@0.3.0\nnpm error Missing: ms@2.0.0 from lock file\nnpm error Missing: ms@2.0.0 from lock file\nnpm error Missing: ms@2.0.0 from lock file\nnpm error Missing: ms@2.0.0 from lock file\nnpm error\nnpm error Clean install a project\nnpm error\nnpm error Usage:\nnpm error npm ci\nnpm error\nnpm error Options:\nnpm error [--install-strategy <hoisted|nested|shallow|linked>] [--legacy-bundling]\nnpm error [--global-style] [--omit <dev|optional|peer> [--omit <dev|optional|peer> ...]]\nnpm error [--include <prod|dev|optional|peer> [--include <prod|dev|optional|peer> ...]]\nnpm error [--strict-peer-deps] [--foreground-scripts] [--ignore-scripts] [--no-audit]\nnpm error [--no-bin-links] [--no-fund] [--dry-run]\nnpm error [-w|--workspace <workspace-name> [-w|--workspace <workspace-name> ...]]\nnpm error [-ws|--workspaces] [--include-workspace-root] [--install-links]\nnpm error\nnpm error aliases: clean-install, ic, install-clean, isntall-clean\nnpm error\nnpm error Run \"npm help ci\" for more info\nnpm error A complete log of this run can be found in: /www-data-home/.npm/_logs/2026-08-09T16_09_22_650Z-debug-0.log. For more details see the logs at https://console.cloud.google.com/cloud-build/builds;region=us-central1/c524e67d-6211-4f00-a135-db9133700f05?project=532757567852."}}
[debug] [2026-08-09T16:10:04.054Z] Got source token undefined for region us-central1
[error] Build failed with status: FAILURE and message: npm error code EUSAGE
npm error
npm error `npm ci` can only install packages when your package.json and package-lock.json or npm-shrinkwrap.json are in sync. Please update your lock file with `npm install` before continuing.
npm error
npm error Invalid: lock file's @types/node@26.2.0 does not satisfy @types/node@20.19.43
npm error Invalid: lock file's firebase-admin@13.10.0 does not satisfy firebase-admin@12.7.0
npm error Invalid: lock file's firebase-functions@7.3.2 does not satisfy firebase-functions@5.1.1
npm error Invalid: lock file's typescript@6.0.3 does not satisfy typescript@5.9.3
npm error Invalid: lock file's undici-types@8.3.0 does not satisfy undici-types@6.21.0
npm error Invalid: lock file's @firebase/database-compat@2.1.6 does not satisfy @firebase/database-compat@1.0.8
npm error Invalid: lock file's @firebase/database-types@1.0.21 does not satisfy @firebase/database-types@1.0.5
npm error Missing: @types/node@22.20.1 from lock file
npm error Missing: node-forge@1.4.0 from lock file
npm error Missing: uuid@10.0.0 from lock file
npm error Invalid: lock file's @firebase/component@0.7.4 does not satisfy @firebase/component@0.6.9
npm error Invalid: lock file's @firebase/database@1.1.4 does not satisfy @firebase/database@1.0.8
npm error Invalid: lock file's @firebase/logger@0.5.1 does not satisfy @firebase/logger@0.4.2
npm error Invalid: lock file's @firebase/util@1.15.2 does not satisfy @firebase/util@1.10.0
npm error Invalid: lock file's @firebase/app-check-interop-types@0.3.4 does not satisfy @firebase/app-check-interop-types@0.3.2
npm error Invalid: lock file's @firebase/auth-interop-types@0.2.5 does not satisfy @firebase/auth-interop-types@0.2.3
npm error Invalid: lock file's @firebase/app-types@0.9.5 does not satisfy @firebase/app-types@0.9.2
npm error Invalid: lock file's @types/express@5.0.6 does not satisfy @types/express@4.17.3
npm error Invalid: lock file's express@5.2.1 does not satisfy express@4.22.2
npm error Invalid: lock file's accepts@2.0.0 does not satisfy accepts@1.3.8
npm error Missing: array-flatten@1.1.1 from lock file
npm error Invalid: lock file's body-parser@2.3.0 does not satisfy body-parser@1.20.6
npm error Invalid: lock file's content-disposition@1.1.0 does not satisfy content-disposition@0.5.4
npm error Invalid: lock file's cookie-signature@1.2.2 does not satisfy cookie-signature@1.0.7
npm error Missing: debug@2.6.9 from lock file
npm error Invalid: lock file's finalhandler@2.1.1 does not satisfy finalhandler@1.3.2
npm error Invalid: lock file's fresh@2.0.0 does not satisfy fresh@0.5.2
npm error Invalid: lock file's merge-descriptors@2.0.0 does not satisfy merge-descriptors@1.0.3
npm error Missing: methods@1.1.2 from lock file
npm error Invalid: lock file's path-to-regexp@8.4.2 does not satisfy path-to-regexp@0.1.13
npm error Invalid: lock file's range-parser@1.3.0 does not satisfy range-parser@1.2.1
npm error Invalid: lock file's send@1.2.1 does not satisfy send@0.19.2
npm error Invalid: lock file's serve-static@2.2.1 does not satisfy serve-static@1.16.3
npm error Invalid: lock file's type-is@2.1.0 does not satisfy type-is@1.6.18
npm error Missing: utils-merge@1.0.1 from lock file
npm error Invalid: lock file's mime-types@3.0.2 does not satisfy mime-types@2.1.35
npm error Invalid: lock file's negotiator@1.0.0 does not satisfy negotiator@0.6.3
npm error Missing: debug@2.6.9 from lock file
npm error Missing: destroy@1.2.0 from lock file
npm error Invalid: lock file's iconv-lite@0.7.3 does not satisfy iconv-lite@0.4.24
npm error Invalid: lock file's raw-body@3.0.2 does not satisfy raw-body@2.5.3
npm error Missing: debug@2.6.9 from lock file
npm error Invalid: lock file's mime-db@1.54.0 does not satisfy mime-db@1.52.0
npm error Missing: debug@2.6.9 from lock file
npm error Missing: mime@1.6.0 from lock file
npm error Invalid: lock file's media-typer@1.1.1 does not satisfy media-typer@0.3.0
npm error Missing: ms@2.0.0 from lock file
npm error Missing: ms@2.0.0 from lock file
npm error Missing: ms@2.0.0 from lock file
npm error Missing: ms@2.0.0 from lock file
npm error
npm error Clean install a project
npm error
npm error Usage:
npm error npm ci
npm error
npm error Options:
npm error [--install-strategy <hoisted|nested|shallow|linked>] [--legacy-bundling]
npm error [--global-style] [--omit <dev|optional|peer> [--omit <dev|optional|peer> ...]]
npm error [--include <prod|dev|optional|peer> [--include <prod|dev|optional|peer> ...]]
npm error [--strict-peer-deps] [--foreground-scripts] [--ignore-scripts] [--no-audit]
npm error [--no-bin-links] [--no-fund] [--dry-run]
npm error [-w|--workspace <workspace-name> [-w|--workspace <workspace-name> ...]]
npm error [-ws|--workspaces] [--include-workspace-root] [--install-links]
npm error
npm error aliases: clean-install, ic, install-clean, isntall-clean
npm error
npm error Run "npm help ci" for more info
npm error A complete log of this run can be found in: /www-data-home/.npm/_logs/2026-08-09T16_09_22_650Z-debug-0.log. For more details see the logs at https://console.cloud.google.com/cloud-build/builds;region=us-central1/c524e67d-6211-4f00-a135-db9133700f05?project=532757567852.
[warn] !  functions: Deploys failed. Skipping deletes. 
[debug] [2026-08-09T16:10:04.071Z] Total Function Deployment time: 67289
[debug] [2026-08-09T16:10:04.072Z] 1 Functions Deployed
[debug] [2026-08-09T16:10:04.072Z] 1 Functions Errored
[debug] [2026-08-09T16:10:04.072Z] 0 Function Deployments Aborted
[debug] [2026-08-09T16:10:04.072Z] Average Function Deployment time: 67286
[info] 
[info] Functions deploy had errors with the following functions:
	parseLink(us-central1)
[debug] [2026-08-09T16:10:04.492Z] Not printing URL for HTTPS function. Typically this means it didn't match a filter or we failed deployment
[debug] [2026-08-09T16:10:04.494Z] Checked if tokens are valid: true, expires at: 1786295311396
[debug] [2026-08-09T16:10:04.494Z] Checked if tokens are valid: true, expires at: 1786295311396
[debug] [2026-08-09T16:10:04.494Z] >>> [apiv2][query] GET https://artifactregistry.googleapis.com/v1/projects/sirikfit40/locations/us-central1/repositories/gcf-artifacts [none]
[debug] [2026-08-09T16:10:05.704Z] <<< [apiv2][status] GET https://artifactregistry.googleapis.com/v1/projects/sirikfit40/locations/us-central1/repositories/gcf-artifacts 200
[debug] [2026-08-09T16:10:05.704Z] <<< [apiv2][body] GET https://artifactregistry.googleapis.com/v1/projects/sirikfit40/locations/us-central1/repositories/gcf-artifacts {"name":"projects/sirikfit40/locations/us-central1/repositories/gcf-artifacts","format":"DOCKER","description":"This repository is created and used by Cloud Functions for storing function docker images.","labels":{"goog-managed-by":"cloudfunctions"},"createTime":"2026-08-09T14:00:30.714871Z","updateTime":"2026-08-09T14:53:58.546855Z","mode":"STANDARD_REPOSITORY","cleanupPolicies":{"firebase-functions-cleanup":{"id":"firebase-functions-cleanup","action":"DELETE","condition":{"tagState":"ANY","olderThan":"259200s"}}},"sizeBytes":"136634125","vulnerabilityScanningConfig":{"lastEnableTime":"2026-08-09T14:00:16.968238952Z","enablementState":"SCANNING_DISABLED","enablementStateReason":"API containerscanning.googleapis.com is not enabled."},"satisfiesPzi":true,"registryUri":"us-central1-docker.pkg.dev/sirikfit40/gcf-artifacts"}
[debug] [2026-08-09T16:10:05.705Z] Functions deploy failed.
[debug] [2026-08-09T16:10:05.705Z] {
  "endpoint": {
    "id": "parseLink",
    "project": "sirikfit40",
    "region": "us-central1",
    "entryPoint": "parseLink",
    "platform": "gcfv2",
    "runtime": "nodejs20",
    "httpsTrigger": {},
    "labels": {
      "deployment-tool": "cli-firebase"
    },
    "serviceAccount": null,
    "ingressSettings": null,
    "availableMemoryMb": null,
    "timeoutSeconds": 60,
    "maxInstances": null,
    "minInstances": null,
    "concurrency": 80,
    "vpc": null,
    "environmentVariables": {
      "FIREBASE_CONFIG": "{\"projectId\":\"sirikfit40\",\"storageBucket\":\"sirikfit40.firebasestorage.app\"}",
      "GCLOUD_PROJECT": "sirikfit40",
      "EVENTARC_CLOUD_EVENT_SOURCE": "projects/sirikfit40/locations/us-central1/services/parseLink",
      "FUNCTION_REGION": "us-central1",
      "FUNCTION_TARGET": "parseLink",
      "LOG_EXECUTION_ID": "true"
    },
    "codebase": "default",
    "runServiceId": "parselink",
    "cpu": 1,
    "securityLevel": "SECURE_ALWAYS",
    "targetedByOnly": false,
    "hash": "ee7a395a2b7547cbb941e58ec7d846cc4584f547"
  },
  "op": "update",
  "original": {
    "name": "FirebaseError",
    "children": [],
    "exit": 1,
    "message": "Build failed with status: FAILURE and message: npm error code EUSAGE\nnpm error\nnpm error `npm ci` can only install packages when your package.json and package-lock.json or npm-shrinkwrap.json are in sync. Please update your lock file with `npm install` before continuing.\nnpm error\nnpm error Invalid: lock file's @types/node@26.2.0 does not satisfy @types/node@20.19.43\nnpm error Invalid: lock file's firebase-admin@13.10.0 does not satisfy firebase-admin@12.7.0\nnpm error Invalid: lock file's firebase-functions@7.3.2 does not satisfy firebase-functions@5.1.1\nnpm error Invalid: lock file's typescript@6.0.3 does not satisfy typescript@5.9.3\nnpm error Invalid: lock file's undici-types@8.3.0 does not satisfy undici-types@6.21.0\nnpm error Invalid: lock file's @firebase/database-compat@2.1.6 does not satisfy @firebase/database-compat@1.0.8\nnpm error Invalid: lock file's @firebase/database-types@1.0.21 does not satisfy @firebase/database-types@1.0.5\nnpm error Missing: @types/node@22.20.1 from lock file\nnpm error Missing: node-forge@1.4.0 from lock file\nnpm error Missing: uuid@10.0.0 from lock file\nnpm error Invalid: lock file's @firebase/component@0.7.4 does not satisfy @firebase/component@0.6.9\nnpm error Invalid: lock file's @firebase/database@1.1.4 does not satisfy @firebase/database@1.0.8\nnpm error Invalid: lock file's @firebase/logger@0.5.1 does not satisfy @firebase/logger@0.4.2\nnpm error Invalid: lock file's @firebase/util@1.15.2 does not satisfy @firebase/util@1.10.0\nnpm error Invalid: lock file's @firebase/app-check-interop-types@0.3.4 does not satisfy @firebase/app-check-interop-types@0.3.2\nnpm error Invalid: lock file's @firebase/auth-interop-types@0.2.5 does not satisfy @firebase/auth-interop-types@0.2.3\nnpm error Invalid: lock file's @firebase/app-types@0.9.5 does not satisfy @firebase/app-types@0.9.2\nnpm error Invalid: lock file's @types/express@5.0.6 does not satisfy @types/express@4.17.3\nnpm error Invalid: lock file's express@5.2.1 does not satisfy express@4.22.2\nnpm error Invalid: lock file's accepts@2.0.0 does not satisfy accepts@1.3.8\nnpm error Missing: array-flatten@1.1.1 from lock file\nnpm error Invalid: lock file's body-parser@2.3.0 does not satisfy body-parser@1.20.6\nnpm error Invalid: lock file's content-disposition@1.1.0 does not satisfy content-disposition@0.5.4\nnpm error Invalid: lock file's cookie-signature@1.2.2 does not satisfy cookie-signature@1.0.7\nnpm error Missing: debug@2.6.9 from lock file\nnpm error Invalid: lock file's finalhandler@2.1.1 does not satisfy finalhandler@1.3.2\nnpm error Invalid: lock file's fresh@2.0.0 does not satisfy fresh@0.5.2\nnpm error Invalid: lock file's merge-descriptors@2.0.0 does not satisfy merge-descriptors@1.0.3\nnpm error Missing: methods@1.1.2 from lock file\nnpm error Invalid: lock file's path-to-regexp@8.4.2 does not satisfy path-to-regexp@0.1.13\nnpm error Invalid: lock file's range-parser@1.3.0 does not satisfy range-parser@1.2.1\nnpm error Invalid: lock file's send@1.2.1 does not satisfy send@0.19.2\nnpm error Invalid: lock file's serve-static@2.2.1 does not satisfy serve-static@1.16.3\nnpm error Invalid: lock file's type-is@2.1.0 does not satisfy type-is@1.6.18\nnpm error Missing: utils-merge@1.0.1 from lock file\nnpm error Invalid: lock file's mime-types@3.0.2 does not satisfy mime-types@2.1.35\nnpm error Invalid: lock file's negotiator@1.0.0 does not satisfy negotiator@0.6.3\nnpm error Missing: debug@2.6.9 from lock file\nnpm error Missing: destroy@1.2.0 from lock file\nnpm error Invalid: lock file's iconv-lite@0.7.3 does not satisfy iconv-lite@0.4.24\nnpm error Invalid: lock file's raw-body@3.0.2 does not satisfy raw-body@2.5.3\nnpm error Missing: debug@2.6.9 from lock file\nnpm error Invalid: lock file's mime-db@1.54.0 does not satisfy mime-db@1.52.0\nnpm error Missing: debug@2.6.9 from lock file\nnpm error Missing: mime@1.6.0 from lock file\nnpm error Invalid: lock file's media-typer@1.1.1 does not satisfy media-typer@0.3.0\nnpm error Missing: ms@2.0.0 from lock file\nnpm error Missing: ms@2.0.0 from lock file\nnpm error Missing: ms@2.0.0 from lock file\nnpm error Missing: ms@2.0.0 from lock file\nnpm error\nnpm error Clean install a project\nnpm error\nnpm error Usage:\nnpm error npm ci\nnpm error\nnpm error Options:\nnpm error [--install-strategy <hoisted|nested|shallow|linked>] [--legacy-bundling]\nnpm error [--global-style] [--omit <dev|optional|peer> [--omit <dev|optional|peer> ...]]\nnpm error [--include <prod|dev|optional|peer> [--include <prod|dev|optional|peer> ...]]\nnpm error [--strict-peer-deps] [--foreground-scripts] [--ignore-scripts] [--no-audit]\nnpm error [--no-bin-links] [--no-fund] [--dry-run]\nnpm error [-w|--workspace <workspace-name> [-w|--workspace <workspace-name> ...]]\nnpm error [-ws|--workspaces] [--include-workspace-root] [--install-links]\nnpm error\nnpm error aliases: clean-install, ic, install-clean, isntall-clean\nnpm error\nnpm error Run \"npm help ci\" for more info\nnpm error A complete log of this run can be found in: /www-data-home/.npm/_logs/2026-08-09T16_09_22_650Z-debug-0.log. For more details see the logs at https://console.cloud.google.com/cloud-build/builds;region=us-central1/c524e67d-6211-4f00-a135-db9133700f05?project=532757567852.",
    "original": {
      "code": 3,
      "message": "Build failed with status: FAILURE and message: npm error code EUSAGE\nnpm error\nnpm error `npm ci` can only install packages when your package.json and package-lock.json or npm-shrinkwrap.json are in sync. Please update your lock file with `npm install` before continuing.\nnpm error\nnpm error Invalid: lock file's @types/node@26.2.0 does not satisfy @types/node@20.19.43\nnpm error Invalid: lock file's firebase-admin@13.10.0 does not satisfy firebase-admin@12.7.0\nnpm error Invalid: lock file's firebase-functions@7.3.2 does not satisfy firebase-functions@5.1.1\nnpm error Invalid: lock file's typescript@6.0.3 does not satisfy typescript@5.9.3\nnpm error Invalid: lock file's undici-types@8.3.0 does not satisfy undici-types@6.21.0\nnpm error Invalid: lock file's @firebase/database-compat@2.1.6 does not satisfy @firebase/database-compat@1.0.8\nnpm error Invalid: lock file's @firebase/database-types@1.0.21 does not satisfy @firebase/database-types@1.0.5\nnpm error Missing: @types/node@22.20.1 from lock file\nnpm error Missing: node-forge@1.4.0 from lock file\nnpm error Missing: uuid@10.0.0 from lock file\nnpm error Invalid: lock file's @firebase/component@0.7.4 does not satisfy @firebase/component@0.6.9\nnpm error Invalid: lock file's @firebase/database@1.1.4 does not satisfy @firebase/database@1.0.8\nnpm error Invalid: lock file's @firebase/logger@0.5.1 does not satisfy @firebase/logger@0.4.2\nnpm error Invalid: lock file's @firebase/util@1.15.2 does not satisfy @firebase/util@1.10.0\nnpm error Invalid: lock file's @firebase/app-check-interop-types@0.3.4 does not satisfy @firebase/app-check-interop-types@0.3.2\nnpm error Invalid: lock file's @firebase/auth-interop-types@0.2.5 does not satisfy @firebase/auth-interop-types@0.2.3\nnpm error Invalid: lock file's @firebase/app-types@0.9.5 does not satisfy @firebase/app-types@0.9.2\nnpm error Invalid: lock file's @types/express@5.0.6 does not satisfy @types/express@4.17.3\nnpm error Invalid: lock file's express@5.2.1 does not satisfy express@4.22.2\nnpm error Invalid: lock file's accepts@2.0.0 does not satisfy accepts@1.3.8\nnpm error Missing: array-flatten@1.1.1 from lock file\nnpm error Invalid: lock file's body-parser@2.3.0 does not satisfy body-parser@1.20.6\nnpm error Invalid: lock file's content-disposition@1.1.0 does not satisfy content-disposition@0.5.4\nnpm error Invalid: lock file's cookie-signature@1.2.2 does not satisfy cookie-signature@1.0.7\nnpm error Missing: debug@2.6.9 from lock file\nnpm error Invalid: lock file's finalhandler@2.1.1 does not satisfy finalhandler@1.3.2\nnpm error Invalid: lock file's fresh@2.0.0 does not satisfy fresh@0.5.2\nnpm error Invalid: lock file's merge-descriptors@2.0.0 does not satisfy merge-descriptors@1.0.3\nnpm error Missing: methods@1.1.2 from lock file\nnpm error Invalid: lock file's path-to-regexp@8.4.2 does not satisfy path-to-regexp@0.1.13\nnpm error Invalid: lock file's range-parser@1.3.0 does not satisfy range-parser@1.2.1\nnpm error Invalid: lock file's send@1.2.1 does not satisfy send@0.19.2\nnpm error Invalid: lock file's serve-static@2.2.1 does not satisfy serve-static@1.16.3\nnpm error Invalid: lock file's type-is@2.1.0 does not satisfy type-is@1.6.18\nnpm error Missing: utils-merge@1.0.1 from lock file\nnpm error Invalid: lock file's mime-types@3.0.2 does not satisfy mime-types@2.1.35\nnpm error Invalid: lock file's negotiator@1.0.0 does not satisfy negotiator@0.6.3\nnpm error Missing: debug@2.6.9 from lock file\nnpm error Missing: destroy@1.2.0 from lock file\nnpm error Invalid: lock file's iconv-lite@0.7.3 does not satisfy iconv-lite@0.4.24\nnpm error Invalid: lock file's raw-body@3.0.2 does not satisfy raw-body@2.5.3\nnpm error Missing: debug@2.6.9 from lock file\nnpm error Invalid: lock file's mime-db@1.54.0 does not satisfy mime-db@1.52.0\nnpm error Missing: debug@2.6.9 from lock file\nnpm error Missing: mime@1.6.0 from lock file\nnpm error Invalid: lock file's media-typer@1.1.1 does not satisfy media-typer@0.3.0\nnpm error Missing: ms@2.0.0 from lock file\nnpm error Missing: ms@2.0.0 from lock file\nnpm error Missing: ms@2.0.0 from lock file\nnpm error Missing: ms@2.0.0 from lock file\nnpm error\nnpm error Clean install a project\nnpm error\nnpm error Usage:\nnpm error npm ci\nnpm error\nnpm error Options:\nnpm error [--install-strategy <hoisted|nested|shallow|linked>] [--legacy-bundling]\nnpm error [--global-style] [--omit <dev|optional|peer> [--omit <dev|optional|peer> ...]]\nnpm error [--include <prod|dev|optional|peer> [--include <prod|dev|optional|peer> ...]]\nnpm error [--strict-peer-deps] [--foreground-scripts] [--ignore-scripts] [--no-audit]\nnpm error [--no-bin-links] [--no-fund] [--dry-run]\nnpm error [-w|--workspace <workspace-name> [-w|--workspace <workspace-name> ...]]\nnpm error [-ws|--workspaces] [--include-workspace-root] [--install-links]\nnpm error\nnpm error aliases: clean-install, ic, install-clean, isntall-clean\nnpm error\nnpm error Run \"npm help ci\" for more info\nnpm error A complete log of this run can be found in: /www-data-home/.npm/_logs/2026-08-09T16_09_22_650Z-debug-0.log. For more details see the logs at https://console.cloud.google.com/cloud-build/builds;region=us-central1/c524e67d-6211-4f00-a135-db9133700f05?project=532757567852."
    },
    "status": 3,
    "code": 3
  }
}
[debug] [2026-08-09T16:10:05.910Z] Error: Failed to update function parseLink in region us-central1
    at C:\Users\Lenovo\AppData\Roaming\npm\node_modules\firebase-tools\lib\deploy\functions\release\fabricator.js:558:19
    at process.processTicksAndRejections (node:internal/process/task_queues:104:5)
    at async Fabricator.updateV2Function (C:\Users\Lenovo\AppData\Roaming\npm\node_modules\firebase-tools\lib\deploy\functions\release\fabricator.js:542:32)
    at async Fabricator.updateEndpoint (C:\Users\Lenovo\AppData\Roaming\npm\node_modules\firebase-tools\lib\deploy\functions\release\fabricator.js:278:13)
    at async Fabricator.wrapOperation (C:\Users\Lenovo\AppData\Roaming\npm\node_modules\firebase-tools\lib\deploy\functions\release\fabricator.js:242:13)
    at async Promise.all (index 0)
    at async Promise.allSettled (index 0)
    at async Fabricator.applyPlan (C:\Users\Lenovo\AppData\Roaming\npm\node_modules\firebase-tools\lib\deploy\functions\release\fabricator.js:159:45)
    at async release (C:\Users\Lenovo\AppData\Roaming\npm\node_modules\firebase-tools\lib\deploy\functions\release\index.js:89:21)
    at async chain (C:\Users\Lenovo\AppData\Roaming\npm\node_modules\firebase-tools\lib\deploy\index.js:105:9)
[error] 
[error] Error: There was an error deploying functions
